Component: ARM Compiler 5.06 update 1 (build 61) Tool: armlink [4d35a8]

==============================================================================

Section Cross References

    main.o(i.All_Init) refers to systick.o(i.SysTick_Init) for SysTick_Init
    main.o(i.All_Init) refers to misc.o(i.NVIC_PriorityGroupConfig) for NVIC_PriorityGroupConfig
    main.o(i.All_Init) refers to oled.o(i.OLED_Init) for OLED_Init
    main.o(i.All_Init) refers to led.o(i.LED_Init) for LED_Init
    main.o(i.All_Init) refers to ps2.o(i.PS2_Init) for PS2_Init
    main.o(i.All_Init) refers to ps2.o(i.PS2_SetInit) for PS2_SetInit
    main.o(i.All_Init) refers to can.o(i.CAN1_Mode_Init) for CAN1_Mode_Init
    main.o(i.All_Init) refers to usart.o(i.USART1_Init) for USART1_Init
    main.o(i.All_Init) refers to usart.o(i.USART2_Init) for USART2_Init
    main.o(i.All_Init) refers to control.o(i.chassis_init) for chassis_init
    main.o(i.All_Init) refers to systick.o(i.delay_ms) for delay_ms
    main.o(i.All_Init) refers to time.o(i.TIM2_Init) for TIM2_Init
    main.o(i.All_Init) refers to time.o(i.TIM3_Init) for TIM3_Init
    main.o(i.All_Init) refers to control.o(.bss) for chassis_move
    main.o(i.main) refers to main.o(i.All_Init) for All_Init
    main.o(i.main) refers to ps2.o(i.PS2_DataKey) for PS2_DataKey
    main.o(i.main) refers to can_receive.o(i.CAN_Receive_Msg) for CAN_Receive_Msg
    main.o(i.main) refers to ps2.o(i.PS2_AnologData) for PS2_AnologData
    main.o(i.main) refers to fflti.o(.text) for __aeabi_i2f
    main.o(i.main) refers to fdiv.o(.text) for __aeabi_fdiv
    main.o(i.main) refers to fmul.o(.text) for __aeabi_fmul
    main.o(i.main) refers to ffixi.o(.text) for __aeabi_f2iz
    main.o(i.main) refers to control.o(i.PID_Move_Clear) for PID_Move_Clear
    main.o(i.main) refers to ps2.o(i.PS2_Vibration) for PS2_Vibration
    main.o(i.main) refers to systick.o(i.delay_ms) for delay_ms
    main.o(i.main) refers to control.o(i.chassis_feedback_update) for chassis_feedback_update
    main.o(i.main) refers to control.o(i.Motor_error_equalize) for Motor_error_equalize
    main.o(i.main) refers to control.o(i.chassis_control_loop) for chassis_control_loop
    main.o(i.main) refers to can_receive.o(i.CAN_CMD_CHASSIS) for CAN_CMD_CHASSIS
    main.o(i.main) refers to main.o(.data) for can_sign
    main.o(i.main) refers to usart.o(.data) for speed_set_buff
    main.o(i.main) refers to control.o(.data) for wheel_speed
    main.o(i.main) refers to control.o(.bss) for chassis_move
    can_receive.o(i.CAN_CMD_CHASSIS) refers to stm32f10x_can.o(i.CAN_Transmit) for CAN_Transmit
    can_receive.o(i.CAN_CMD_CHASSIS) refers to stm32f10x_can.o(i.CAN_TransmitStatus) for CAN_TransmitStatus
    can_receive.o(i.CAN_Receive_Msg) refers to stm32f10x_can.o(i.CAN_GetITStatus) for CAN_GetITStatus
    can_receive.o(i.CAN_Receive_Msg) refers to stm32f10x_can.o(i.CAN_ClearITPendingBit) for CAN_ClearITPendingBit
    can_receive.o(i.CAN_Receive_Msg) refers to stm32f10x_can.o(i.CAN_Receive) for CAN_Receive
    can_receive.o(i.CAN_Receive_Msg) refers to can_receive.o(i.CAN_hook) for CAN_hook
    can_receive.o(i.CAN_Receive_Msg) refers to can_receive.o(.bss) for RxMessage
    can_receive.o(i.CAN_hook) refers to can_receive.o(.data) for i
    can_receive.o(i.CAN_hook) refers to can_receive.o(.bss) for motor_chassis
    can_receive.o(i.get_Chassis_Motor_Measure_Point) refers to can_receive.o(.bss) for motor_chassis
    pid.o(i.PID_Calc) refers to fadd.o(.text) for __aeabi_fsub
    pid.o(i.PID_Calc) refers to fmul.o(.text) for __aeabi_fmul
    pid.o(i.PID_Calc) refers to cfrcmple.o(.text) for __aeabi_cfrcmple
    pid.o(i.PID_Calc) refers to f2d.o(.text) for __aeabi_f2d
    pid.o(i.PID_Calc) refers to dmul.o(.text) for __aeabi_dmul
    pid.o(i.PID_Calc) refers to cdrcmple.o(.text) for __aeabi_cdrcmple
    pid.o(i.PID_Calc) refers to cdcmple.o(.text) for __aeabi_cdcmple
    time.o(i.TIM2_IRQHandler) refers to stm32f10x_tim.o(i.TIM_GetITStatus) for TIM_GetITStatus
    time.o(i.TIM2_IRQHandler) refers to ffixi.o(.text) for __aeabi_f2iz
    time.o(i.TIM2_IRQHandler) refers to f2d.o(.text) for __aeabi_f2d
    time.o(i.TIM2_IRQHandler) refers to dmul.o(.text) for __aeabi_dmul
    time.o(i.TIM2_IRQHandler) refers to dfixi.o(.text) for __aeabi_d2iz
    time.o(i.TIM2_IRQHandler) refers to stm32f10x_tim.o(i.TIM_ClearITPendingBit) for TIM_ClearITPendingBit
    time.o(i.TIM2_IRQHandler) refers to control.o(.bss) for chassis_move
    time.o(i.TIM2_IRQHandler) refers to control.o(.data) for flag
    time.o(i.TIM2_Init) refers to stm32f10x_rcc.o(i.RCC_APB1PeriphClockCmd) for RCC_APB1PeriphClockCmd
    time.o(i.TIM2_Init) refers to stm32f10x_tim.o(i.TIM_TimeBaseInit) for TIM_TimeBaseInit
    time.o(i.TIM2_Init) refers to stm32f10x_tim.o(i.TIM_ITConfig) for TIM_ITConfig
    time.o(i.TIM2_Init) refers to stm32f10x_tim.o(i.TIM_ClearITPendingBit) for TIM_ClearITPendingBit
    time.o(i.TIM2_Init) refers to misc.o(i.NVIC_Init) for NVIC_Init
[...]
    usart.o(i.USART1_IRQHandler) refers to systick.o(i.delay_ms) for delay_ms
    usart.o(i.USART1_IRQHandler) refers to stm32f10x_usart.o(i.USART_SendData) for USART_SendData
    usart.o(i.USART1_IRQHandler) refers to usart.o(.data) for usart1_buff
    usart.o(i.USART1_Init) refers to stm32f10x_rcc.o(i.RCC_APB2PeriphClockCmd) for RCC_APB2PeriphClockCmd
    usart.o(i.USART1_Init) refers to stm32f10x_gpio.o(i.GPIO_Init) for GPIO_Init
    usart.o(i.USART1_Init) refers to stm32f10x_usart.o(i.USART_Init) for USART_Init
    usart.o(i.USART1_Init) refers to stm32f10x_usart.o(i.USART_Cmd) for USART_Cmd
    usart.o(i.USART1_Init) refers to stm32f10x_usart.o(i.USART_ClearFlag) for USART_ClearFlag
    usart.o(i.USART1_Init) refers to stm32f10x_usart.o(i.USART_ITConfig) for USART_ITConfig
    usart.o(i.USART1_Init) refers to misc.o(i.NVIC_Init) for NVIC_Init
    usart.o(i.USART2_Init) refers to stm32f10x_rcc.o(i.RCC_APB2PeriphClockCmd) for RCC_APB2PeriphClockCmd
    usart.o(i.USART2_Init) refers to stm32f10x_gpio.o(i.GPIO_Init) for GPIO_Init
    usart.o(i.USART2_Init) refers to stm32f10x_usart.o(i.USART_Init) for USART_Init
    usart.o(i.USART2_Init) refers to stm32f10x_usart.o(i.USART_Cmd) for USART_Cmd
    usart.o(i.USART2_Init) refers to stm32f10x_usart.o(i.USART_ClearFlag) for USART_ClearFlag
    usart.o(i.USART2_Init) refers to stm32f10x_usart.o(i.USART_ITConfig) for USART_ITConfig
    usart.o(i.USART2_Init) refers to misc.o(i.NVIC_Init) for NVIC_Init
    usart.o(i.fputc) refers to stm32f10x_usart.o(i.USART_SendData) for USART_SendData
    usart.o(i.fputc) refers to stm32f10x_usart.o(i.USART_GetFlagStatus) for USART_GetFlagStatus
    control.o(i.Motor_error_equalize) refers to ffixi.o(.text) for __aeabi_f2iz
    control.o(i.Motor_error_equalize) refers to fflti.o(.text) for __aeabi_i2f
    control.o(i.Motor_error_equalize) refers to control.o(i.PID_IncrementMode) for PID_IncrementMode
    control.o(i.Motor_error_equalize) refers to control.o(.data) for spdTag
    control.o(i.Motor_error_equalize) refers to control.o(.bss) for PID_Control
    control.o(i.PID_IncrementMode) refers to cfcmple.o(.text) for __aeabi_cfcmple
    control.o(i.PID_IncrementMode) refers to fadd.o(.text) for __aeabi_fsub
    control.o(i.PID_IncrementMode) refers to fmul.o(.text) for __aeabi_fmul
    control.o(i.PID_Move_Clear) refers to pid.o(i.PID_clear) for PID_clear
    control.o(i.chassis_control_loop) refers to fflti.o(.text) for __aeabi_i2f
    control.o(i.chassis_control_loop) refers to ffixi.o(.text) for __aeabi_f2iz
    control.o(i.chassis_control_loop) refers to dflti.o(.text) for __aeabi_i2d
    control.o(i.chassis_control_loop) refers to dmul.o(.text) for __aeabi_dmul
    control.o(i.chassis_control_loop) refers to cdrcmple.o(.text) for __aeabi_cdrcmple
    control.o(i.chassis_control_loop) refers to cdcmple.o(.text) for __aeabi_cdcmple
    control.o(i.chassis_control_loop) refers to stm32f10x_tim.o(i.TIM_Cmd) for TIM_Cmd
    control.o(i.chassis_control_loop) refers to pid.o(i.PID_Calc) for PID_Calc
    control.o(i.chassis_control_loop) refers to control.o(.data) for wheel_speed
    control.o(i.chassis_feedback_update) refers to fflti.o(.text) for __aeabi_i2f
    control.o(i.chassis_init) refers to can_receive.o(i.get_Chassis_Motor_Measure_Point) for get_Chassis_Motor_Measure_Point
    control.o(i.chassis_init) refers to pid.o(i.PID_clear) for PID_clear
    control.o(i.chassis_init) refers to pid.o(i.PID_Init) for PID_Init
    control.o(i.chassis_init) refers to control.o(i.chassis_feedback_update) for chassis_feedback_update
    control.o(i.chassis_init) refers to control.o(.constdata) for motor1_speed_pid
    can.o(i.CAN1_Mode_Init) refers to stm32f10x_rcc.o(i.RCC_APB1PeriphClockCmd) for RCC_APB1PeriphClockCmd
    can.o(i.CAN1_Mode_Init) refers to stm32f10x_rcc.o(i.RCC_APB2PeriphClockCmd) for RCC_APB2PeriphClockCmd
    can.o(i.CAN1_Mode_Init) refers to stm32f10x_gpio.o(i.GPIO_Init) for GPIO_Init
    can.o(i.CAN1_Mode_Init) refers to stm32f10x_can.o(i.CAN_Init) for CAN_Init
    can.o(i.CAN1_Mode_Init) refers to stm32f10x_can.o(i.CAN_FilterInit) for CAN_FilterInit
    can.o(i.CAN1_Mode_Init) refers to stm32f10x_can.o(i.CAN_ITConfig) for CAN_ITConfig
    can.o(i.CAN1_Mode_Init) refers to misc.o(i.NVIC_Init) for NVIC_Init
    led.o(i.LED_Init) refers to stm32f10x_rcc.o(i.RCC_APB2PeriphClockCmd) for RCC_APB2PeriphClockCmd
    led.o(i.LED_Init) refers to stm32f10x_gpio.o(i.GPIO_Init) for GPIO_Init
    led.o(i.LED_Init) refers to stm32f10x_gpio.o(i.GPIO_SetBits) for GPIO_SetBits
    oled.o(i.IIC_Start) refers to systick.o(i.delay_us) for delay_us
    oled.o(i.IIC_Stop) refers to systick.o(i.delay_us) for delay_us
    oled.o(i.OLED_CLS) refers to oled.o(i.OLED_Fill) for OLED_Fill
    oled.o(i.OLED_Fill) refers to oled.o(i.OLED_WrCmd) for OLED_WrCmd
    oled.o(i.OLED_Fill) refers to oled.o(i.OLED_WrDat) for OLED_WrDat
    oled.o(i.OLED_GPIO_Init) refers to stm32f10x_rcc.o(i.RCC_APB2PeriphClockCmd) for RCC_APB2PeriphClockCmd
    oled.o(i.OLED_GPIO_Init) refers to stm32f10x_gpio.o(i.GPIO_Init) for GPIO_Init
    oled.o(i.OLED_GPIO_Init) refers to stm32f10x_gpio.o(i.GPIO_SetBits) for GPIO_SetBits
    oled.o(i.OLED_Init) refers to oled.o(i.OLED_GPIO_Init) for OLED_GPIO_Init
    oled.o(i.OLED_Init) refers to systick.o(i.delay_ms) for delay_ms
    oled.o(i.OLED_Init) refers to oled.o(i.OLED_WrCmd) for OLED_WrCmd
    oled.o(i.OLED_Init) refers to oled.o(i.OLED_Fill) for OLED_Fill
    oled.o(i.OLED_Init) refers to oled.o(i.OLED_Set_Pos) for OLED_Set_Pos
    oled.o(i.OLED_OFF) refers to oled.o(i.OLED_WrCmd) for OLED_WrCmd
    oled.o(i.OLED_ON) refers to oled.o(i.OLED_WrCmd) for OLED_WrCmd
    oled.o(i.OLED_P6x8Str) refers to oled.o(i.OLED_Set_Pos) for OLED_Set_Pos
    oled.o(i.OLED_P6x8Str) refers to oled.o(i.OLED_WrDat) for OLED_WrDat
    oled.o(i.OLED_P6x8Str) refers to oled.o(.constdata) for F6x8
    oled.o(i.OLED_P8x16Str) refers to oled.o(i.OLED_Set_Pos) for OLED_Set_Pos
    oled.o(i.OLED_P8x16Str) refers to oled.o(i.OLED_WrDat) for OLED_WrDat
    oled.o(i.OLED_P8x16Str) refers to oled.o(.constdata) for F8X16
    oled.o(i.OLED_Set_Pos) refers to oled.o(i.OLED_WrCmd) for OLED_WrCmd
    oled.o(i.OLED_Show16x16) refers to oled.o(i.OLED_Set_Pos) for OLED_Set_Pos
    oled.o(i.OLED_Show16x16) refers to oled.o(i.OLED_WrDat) for OLED_WrDat
    oled.o(i.OLED_Show16x16) refers to oled.o(.data) for F16x16
    oled.o(i.OLED_Show6x8) refers to oled.o(i.OLED_Set_Pos) for OLED_Set_Pos
    oled.o(i.OLED_Show6x8) refers to oled.o(i.OLED_WrDat) for OLED_WrDat
    oled.o(i.OLED_Show6x8) refers to oled.o(.data) for My6x8
    oled.o(i.OLED_Show8x16) refers to oled.o(i.OLED_Set_Pos) for OLED_Set_Pos
    oled.o(i.OLED_Show8x16) refers to oled.o(i.OLED_WrDat) for OLED_WrDat
    oled.o(i.OLED_Show8x16) refers to oled.o(.bss) for My8x16
    oled.o(i.OLED_WrCmd) refers to oled.o(i.IIC_Start) for IIC_Start
    oled.o(i.OLED_WrCmd) refers to oled.o(i.Write_IIC_Byte) for Write_IIC_Byte
    oled.o(i.OLED_WrCmd) refers to oled.o(i.IIC_Stop) for IIC_Stop
    oled.o(i.OLED_WrDat) refers to oled.o(i.IIC_Start) for IIC_Start
    oled.o(i.OLED_WrDat) refers to oled.o(i.Write_IIC_Byte) for Write_IIC_Byte
    oled.o(i.OLED_WrDat) refers to oled.o(i.IIC_Stop) for IIC_Stop
    oled.o(i.Oled_Printf_Float) refers to cfcmple.o(.text) for __aeabi_cfcmple
    oled.o(i.Oled_Printf_Float) refers to ffixui.o(.text) for __aeabi_f2uiz
    oled.o(i.Oled_Printf_Float) refers to ffltui.o(.text) for __aeabi_ui2f
    oled.o(i.Oled_Printf_Float) refers to fmul.o(.text) for __aeabi_fmul
    oled.o(i.Oled_Printf_Float) refers to fadd.o(.text) for __aeabi_fsub
    oled.o(i.Oled_Printf_Float) refers to oled.o(i.OLED_P6x8Str) for OLED_P6x8Str
    oled.o(i.Oled_Printf_Float) refers to oled.o(i.OLED_P8x16Str) for OLED_P8x16Str
    oled.o(i.Oled_Printf_U16) refers to oled.o(i.OLED_P6x8Str) for OLED_P6x8Str
    oled.o(i.Oled_Printf_U16) refers to oled.o(i.OLED_P8x16Str) for OLED_P8x16Str
    oled.o(i.Write_IIC_Byte) refers to systick.o(i.delay_us) for delay_us
    ps2.o(i.PS2_AnologData) refers to ps2.o(.bss) for Data
    ps2.o(i.PS2_ClearData) refers to ps2.o(.bss) for Data
    ps2.o(i.PS2_Cmd) refers to systick.o(i.delay_us) for delay_us
    ps2.o(i.PS2_Cmd) refers to ps2.o(.bss) for Data
    ps2.o(i.PS2_DataKey) refers to ps2.o(i.PS2_ClearData) for PS2_ClearData
    ps2.o(i.PS2_DataKey) refers to ps2.o(i.PS2_ReadData) for PS2_ReadData
    ps2.o(i.PS2_DataKey) refers to ps2.o(.bss) for Data
    ps2.o(i.PS2_DataKey) refers to ps2.o(.data) for Handkey
    ps2.o(i.PS2_EnterConfing) refers to systick.o(i.delay_us) for delay_us
    ps2.o(i.PS2_EnterConfing) refers to ps2.o(i.PS2_Cmd) for PS2_Cmd
    ps2.o(i.PS2_ExitConfing) refers to systick.o(i.delay_us) for delay_us
    ps2.o(i.PS2_ExitConfing) refers to ps2.o(i.PS2_Cmd) for PS2_Cmd
    ps2.o(i.PS2_Init) refers to stm32f10x_rcc.o(i.RCC_APB2PeriphClockCmd) for RCC_APB2PeriphClockCmd
    ps2.o(i.PS2_Init) refers to stm32f10x_gpio.o(i.GPIO_Init) for GPIO_Init
    ps2.o(i.PS2_ReadData) refers to ps2.o(i.PS2_Cmd) for PS2_Cmd
    ps2.o(i.PS2_ReadData) refers to systick.o(i.delay_us) for delay_us
    ps2.o(i.PS2_ReadData) refers to ps2.o(.data) for Comd
    ps2.o(i.PS2_ReadData) refers to ps2.o(.bss) for Data
    ps2.o(i.PS2_RedLight) refers to ps2.o(i.PS2_Cmd) for PS2_Cmd
    ps2.o(i.PS2_RedLight) refers to ps2.o(.data) for Comd
    ps2.o(i.PS2_RedLight) refers to ps2.o(.bss) for Data
    ps2.o(i.PS2_SetInit) refers to ps2.o(i.PS2_ShortPoll) for PS2_ShortPoll
    ps2.o(i.PS2_SetInit) refers to ps2.o(i.PS2_EnterConfing) for PS2_EnterConfing
    ps2.o(i.PS2_SetInit) refers to ps2.o(i.PS2_TurnOnAnalogMode) for PS2_TurnOnAnalogMode
    ps2.o(i.PS2_SetInit) refers to ps2.o(i.PS2_VibrationMode) for PS2_VibrationMode
    ps2.o(i.PS2_SetInit) refers to ps2.o(i.PS2_ExitConfing) for PS2_ExitConfing
    ps2.o(i.PS2_ShortPoll) refers to systick.o(i.delay_us) for delay_us
    ps2.o(i.PS2_ShortPoll) refers to ps2.o(i.PS2_Cmd) for PS2_Cmd
    ps2.o(i.PS2_TurnOnAnalogMode) refers to ps2.o(i.PS2_Cmd) for PS2_Cmd
    ps2.o(i.PS2_TurnOnAnalogMode) refers to systick.o(i.delay_us) for delay_us
    ps2.o(i.PS2_Vibration) refers to systick.o(i.delay_us) for delay_us
    ps2.o(i.PS2_Vibration) refers to ps2.o(i.PS2_Cmd) for PS2_Cmd
    ps2.o(i.PS2_VibrationMode) refers to systick.o(i.delay_us) for delay_us
    ps2.o(i.PS2_VibrationMode) refers to ps2.o(i.PS2_Cmd) for PS2_Cmd
    systick.o(i.SysTick_Init) refers to misc.o(i.SysTick_CLKSourceConfig) for SysTick_CLKSourceConfig
    systick.o(i.SysTick_Init) refers to systick.o(.data) for fac_us
    systick.o(i.delay_ms) refers to systick.o(.data) for fac_ms
    systick.o(i.delay_us) refers to systick.o(.data) for fac_us
    startup_stm32f10x_md.o(RESET) refers to startup_stm32f10x_md.o(STACK) for __initial_sp
    startup_stm32f10x_md.o(RESET) refers to startup_stm32f10x_md.o(.text) for Reset_Handler
    startup_stm32f10x_md.o(RESET) refers to stm32f10x_it.o(i.NMI_Handler) for NMI_Handler
    startup_stm32f10x_md.o(RESET) refers to stm32f10x_it.o(i.HardFault_Handler) for HardFault_Handler
    startup_stm32f10x_md.o(RESET) refers to stm32f10x_it.o(i.MemManage_Handler) for MemManage_Handler
    startup_stm32f10x_md.o(RESET) refers to stm32f10x_it.o(i.BusFault_Handler) for BusFault_Handler
    startup_stm32f10x_md.o(RESET) refers to stm32f10x_it.o(i.UsageFault_Handler) for UsageFault_Handler
    startup_stm32f10x_md.o(RESET) refers to stm32f10x_it.o(i.SVC_Handler) for SVC_Handler
    startup_stm32f10x_md.o(RESET) refers to stm32f10x_it.o(i.DebugMon_Handler) for DebugMon_Handler
    startup_stm32f10x_md.o(RESET) refers to stm32f10x_it.o(i.PendSV_Handler) for PendSV_Handler
    startup_stm32f10x_md.o(RESET) refers to stm32f10x_it.o(i.SysTick_Handler) for SysTick_Handler
    startup_stm32f10x_md.o(RESET) refers to time.o(i.TIM2_IRQHandler) for TIM2_IRQHandler
    startup_stm32f10x_md.o(RESET) refers to time.o(i.TIM3_IRQHandler) for TIM3_IRQHandler
    startup_stm32f10x_md.o(RESET) refers to usart.o(i.USART1_IRQHandler) for USART1_IRQHandler
    startup_stm32f10x_md.o(.text) refers to system_stm32f10x.o(i.SystemInit) for SystemInit
    startup_stm32f10x_md.o(.text) refers to entry.o(.ARM.Collect$$$$00000000) for __main
    stm32f10x_gpio.o(i.GPIO_AFIODeInit) refers to stm32f10x_rcc.o(i.RCC_APB2PeriphResetCmd) for RCC_APB2PeriphResetCmd
    stm32f10x_gpio.o(i.GPIO_DeInit) refers to stm32f10x_rcc.o(i.RCC_APB2PeriphResetCmd) for RCC_APB2PeriphResetCmd
    stm32f10x_rcc.o(i.RCC_GetClocksFreq) refers to stm32f10x_rcc.o(.data) for APBAHBPrescTable
    stm32f10x_rcc.o(i.RCC_WaitForHSEStartUp) refers to stm32f10x_rcc.o(i.RCC_GetFlagStatus) for RCC_GetFlagStatus
    stm32f10x_tim.o(i.TIM_DeInit) refers to stm32f10x_rcc.o(i.RCC_APB2PeriphResetCmd) for RCC_APB2PeriphResetCmd
    stm32f10x_tim.o(i.TIM_DeInit) refers to stm32f10x_rcc.o(i.RCC_APB1PeriphResetCmd) for RCC_APB1PeriphResetCmd
    stm32f10x_tim.o(i.TIM_ETRClockMode1Config) refers to stm32f10x_tim.o(i.TIM_ETRConfig) for TIM_ETRConfig
    stm32f10x_tim.o(i.TIM_ETRClockMode2Config) refers to stm32f10x_tim.o(i.TIM_ETRConfig) for TIM_ETRConfig
    stm32f10x_tim.o(i.TIM_ICInit) refers to stm32f10x_tim.o(i.TI1_Config) for TI1_Config
    stm32f10x_tim.o(i.TIM_ICInit) refers to stm32f10x_tim.o(i.TIM_SetIC1Prescaler) for TIM_SetIC1Prescaler
    stm32f10x_tim.o(i.TIM_ICInit) refers to stm32f10x_tim.o(i.TI2_Config) for TI2_Config
    stm32f10x_tim.o(i.TIM_ICInit) refers to stm32f10x_tim.o(i.TIM_SetIC2Prescaler) for TIM_SetIC2Prescaler
    stm32f10x_tim.o(i.TIM_ICInit) refers to stm32f10x_tim.o(i.TI3_Config) for TI3_Config
    stm32f10x_tim.o(i.TIM_ICInit) refers to stm32f10x_tim.o(i.TIM_SetIC3Prescaler) for TIM_SetIC3Prescaler
    stm32f10x_tim.o(i.TIM_ICInit) refers to stm32f10x_tim.o(i.TI4_Config) for TI4_Config
    stm32f10x_tim.o(i.TIM_ICInit) refers to stm32f10x_tim.o(i.TIM_SetIC4Prescaler) for TIM_SetIC4Prescaler
    stm32f10x_tim.o(i.TIM_ITRxExternalClockConfig) refers to stm32f10x_tim.o(i.TIM_SelectInputTrigger) for TIM_SelectInputTrigger
    stm32f10x_tim.o(i.TIM_PWMIConfig) refers to stm32f10x_tim.o(i.TI1_Config) for TI1_Config
    stm32f10x_tim.o(i.TIM_PWMIConfig) refers to stm32f10x_tim.o(i.TIM_SetIC1Prescaler) for TIM_SetIC1Prescaler
    stm32f10x_tim.o(i.TIM_PWMIConfig) refers to stm32f10x_tim.o(i.TI2_Config) for TI2_Config
    stm32f10x_tim.o(i.TIM_PWMIConfig) refers to stm32f10x_tim.o(i.TIM_SetIC2Prescaler) for TIM_SetIC2Prescaler
    stm32f10x_tim.o(i.TIM_TIxExternalClockConfig) refers to stm32f10x_tim.o(i.TI2_Config) for TI2_Config
    stm32f10x_tim.o(i.TIM_TIxExternalClockConfig) refers to stm32f10x_tim.o(i.TI1_Config) for TI1_Config
    stm32f10x_tim.o(i.TIM_TIxExternalClockConfig) refers to stm32f10x_tim.o(i.TIM_SelectInputTrigger) for TIM_SelectInputTrigger
    stm32f10x_usart.o(i.USART_DeInit) refers to stm32f10x_rcc.o(i.RCC_APB2PeriphResetCmd) for RCC_APB2PeriphResetCmd
    stm32f10x_usart.o(i.USART_DeInit) refers to stm32f10x_rcc.o(i.RCC_APB1PeriphResetCmd) for RCC_APB1PeriphResetCmd
    stm32f10x_usart.o(i.USART_Init) refers to stm32f10x_rcc.o(i.RCC_GetClocksFreq) for RCC_GetClocksFreq
    stm32f10x_can.o(i.CAN_DeInit) refers to stm32f10x_rcc.o(i.RCC_APB1PeriphResetCmd) for RCC_APB1PeriphResetCmd
    stm32f10x_can.o(i.CAN_GetITStatus) refers to stm32f10x_can.o(i.CheckITStatus) for CheckITStatus
    stm32f10x_i2c.o(i.I2C_DeInit) refers to stm32f10x_rcc.o(i.RCC_APB1PeriphResetCmd) for RCC_APB1PeriphResetCmd
    stm32f10x_i2c.o(i.I2C_Init) refers to stm32f10x_rcc.o(i.RCC_GetClocksFreq) for RCC_GetClocksFreq
    system_stm32f10x.o(i.SetSysClock) refers to system_stm32f10x.o(i.SetSysClockTo72) for SetSysClockTo72
    system_stm32f10x.o(i.SystemCoreClockUpdate) refers to system_stm32f10x.o(.data) for SystemCoreClock
    system_stm32f10x.o(i.SystemInit) refers to system_stm32f10x.o(i.SetSysClock) for SetSysClock
    entry.o(.ARM.Collect$$$$00000000) refers (Special) to entry10a.o(.ARM.Collect$$$$0000000D) for __rt_final_cpp
    entry.o(.ARM.Collect$$$$00000000) refers (Special) to entry11a.o(.ARM.Collect$$$$0000000F) for __rt_final_exit
    entry.o(.ARM.Collect$$$$00000000) refers (Special) to entry7b.o(.ARM.Collect$$$$00000008) for _main_clock
    entry.o(.ARM.Collect$$$$00000000) refers (Special) to entry8b.o(.ARM.Collect$$$$0000000A) for _main_cpp_init
    entry.o(.ARM.Collect$$$$00000000) refers (Special) to entry9a.o(.ARM.Collect$$$$0000000B) for _main_init
    entry.o(.ARM.Collect$$$$00000000) refers (Special) to entry5.o(.ARM.Collect$$$$00000004) for _main_scatterload
    entry.o(.ARM.Collect$$$$00000000) refers (Special) to entry2.o(.ARM.Collect$$$$00000001) for _main_stk
    fadd.o(.text) refers (Special) to iusefp.o(.text) for __I$use$fp
    fadd.o(.text) refers to fepilogue.o(.text) for _float_epilogue
    fmul.o(.text) refers (Special) to iusefp.o(.text) for __I$use$fp
    fdiv.o(.text) refers (Special) to iusefp.o(.text) for __I$use$fp
    fdiv.o(.text) refers to fepilogue.o(.text) for _float_round
    dmul.o(.text) refers (Special) to iusefp.o(.text) for __I$use$fp
    dmul.o(.text) refers to depilogue.o(.text) for _double_epilogue
    fflti.o(.text) refers (Special) to iusefp.o(.text) for __I$use$fp
    fflti.o(.text) refers to fepilogue.o(.text) for _float_epilogue
    ffltui.o(.text) refers (Special) to iusefp.o(.text) for __I$use$fp
    ffltui.o(.text) refers to fepilogue.o(.text) for _float_epilogue
    dflti.o(.text) refers (Special) to iusefp.o(.text) for __I$use$fp
    dflti.o(.text) refers to depilogue.o(.text) for _double_epilogue
    ffixi.o(.text) refers (Special) to iusefp.o(.text) for __I$use$fp
    ffixui.o(.text) refers (Special) to iusefp.o(.text) for __I$use$fp
    dfixi.o(.text) refers (Special) to iusefp.o(.text) for __I$use$fp
    dfixi.o(.text) refers to llushr.o(.text) for __aeabi_llsr
    f2d.o(.text) refers (Special) to iusefp.o(.text) for __I$use$fp
    cdcmple.o(.text) refers (Special) to iusefp.o(.text) for __I$use$fp
    cdrcmple.o(.text) refers (Special) to iusefp.o(.text) for __I$use$fp
    cfcmple.o(.text) refers (Special) to iusefp.o(.text) for __I$use$fp
    cfrcmple.o(.text) refers (Special) to iusefp.o(.text) for __I$use$fp
    entry2.o(.ARM.Collect$$$$00000001) refers to entry2.o(.ARM.Collect$$$$00002712) for __lit__00000000
    entry2.o(.ARM.Collect$$$$00002712) refers to startup_stm32f10x_md.o(STACK) for __initial_sp
    entry2.o(__vectab_stack_and_reset_area) refers to startup_stm32f10x_md.o(STACK) for __initial_sp
    entry2.o(__vectab_stack_and_reset_area) refers to entry.o(.ARM.Collect$$$$00000000) for __main
    entry5.o(.ARM.Collect$$$$00000004) refers to init.o(.text) for __scatterload
    entry9a.o(.ARM.Collect$$$$0000000B) refers to main.o(i.main) for main
    entry9b.o(.ARM.Collect$$$$0000000C) refers to main.o(i.main) for main
    depilogue.o(.text) refers to llshl.o(.text) for __aeabi_llsl
    depilogue.o(.text) refers to llushr.o(.text) for __aeabi_llsr
    init.o(.text) refers to entry5.o(.ARM.Collect$$$$00000004) for __main_after_scatterload


==============================================================================

Removing Unused input sections from the image.

    Removing time.o(i.TIM4_Init), (104 bytes).
    Removing usart.o(i.fputc), (36 bytes).
    Removing oled.o(i.OLED_CLS), (10 bytes).
    Removing oled.o(i.OLED_OFF), (22 bytes).
    Removing oled.o(i.OLED_ON), (22 bytes).
    Removing oled.o(i.OLED_P6x8Str), (120 bytes).
    Removing oled.o(i.OLED_P8x16Str), (164 bytes).
    Removing oled.o(i.OLED_Show16x16), (108 bytes).
    Removing oled.o(i.OLED_Show6x8), (100 bytes).
    Removing oled.o(i.OLED_Show8x16), (128 bytes).
    Removing oled.o(i.Oled_Printf_Float), (272 bytes).
    Removing oled.o(i.Oled_Printf_U16), (190 bytes).
    Removing oled.o(.bss), (16 bytes).
    Removing oled.o(.constdata), (2072 bytes).
    Removing oled.o(.data), (1318 bytes).
    Removing ps2.o(i.PS2_RedLight), (64 bytes).
    Removing startup_stm32f10x_md.o(HEAP), (512 bytes).
    Removing stm32f10x_gpio.o(i.GPIO_AFIODeInit), (20 bytes).
    Removing stm32f10x_gpio.o(i.GPIO_DeInit), (200 bytes).
    Removing stm32f10x_gpio.o(i.GPIO_ETH_MediaInterfaceConfig), (12 bytes).
    Removing stm32f10x_gpio.o(i.GPIO_EXTILineConfig), (64 bytes).
    Removing stm32f10x_gpio.o(i.GPIO_EventOutputCmd), (12 bytes).
    Removing stm32f10x_gpio.o(i.GPIO_EventOutputConfig), (32 bytes).
    Removing stm32f10x_gpio.o(i.GPIO_PinLockConfig), (18 bytes).
    Removing stm32f10x_gpio.o(i.GPIO_PinRemapConfig), (144 bytes).
    Removing stm32f10x_gpio.o(i.GPIO_ReadInputData), (8 bytes).
    Removing stm32f10x_gpio.o(i.GPIO_ReadInputDataBit), (18 bytes).
    Removing stm32f10x_gpio.o(i.GPIO_ReadOutputData), (8 bytes).
    Removing stm32f10x_gpio.o(i.GPIO_ReadOutputDataBit), (18 bytes).
    Removing stm32f10x_gpio.o(i.GPIO_ResetBits), (4 bytes).
    Removing stm32f10x_gpio.o(i.GPIO_StructInit), (16 bytes).
    Removing stm32f10x_gpio.o(i.GPIO_Write), (4 bytes).
    Removing stm32f10x_gpio.o(i.GPIO_WriteBit), (10 bytes).
    Removing stm32f10x_rcc.o(i.RCC_ADCCLKConfig), (24 bytes).
    Removing stm32f10x_rcc.o(i.RCC_AHBPeriphClockCmd), (32 bytes).
    Removing stm32f10x_rcc.o(i.RCC_APB1PeriphResetCmd), (32 bytes).
    Removing stm32f10x_rcc.o(i.RCC_APB2PeriphResetCmd), (32 bytes).
    Removing stm32f10x_rcc.o(i.RCC_AdjustHSICalibrationValue), (24 bytes).
    Removing stm32f10x_rcc.o(i.RCC_BackupResetCmd), (12 bytes).
    Removing stm32f10x_rcc.o(i.RCC_ClearFlag), (20 bytes).
    Removing stm32f10x_rcc.o(i.RCC_ClearITPendingBit), (12 bytes).
    Removing stm32f10x_rcc.o(i.RCC_ClockSecuritySystemCmd), (12 bytes).
    Removing stm32f10x_rcc.o(i.RCC_DeInit), (76 bytes).
    Removing stm32f10x_rcc.o(i.RCC_GetFlagStatus), (60 bytes).
    Removing stm32f10x_rcc.o(i.RCC_GetITStatus), (24 bytes).
    Removing stm32f10x_rcc.o(i.RCC_GetSYSCLKSource), (16 bytes).
    Removing stm32f10x_rcc.o(i.RCC_HCLKConfig), (24 bytes).
    Removing stm32f10x_rcc.o(i.RCC_HSEConfig), (76 bytes).
    Removing stm32f10x_rcc.o(i.RCC_HSICmd), (12 bytes).
    Removing stm32f10x_rcc.o(i.RCC_ITConfig), (32 bytes).
    Removing stm32f10x_rcc.o(i.RCC_LSEConfig), (52 bytes).
    Removing stm32f10x_rcc.o(i.RCC_LSICmd), (12 bytes).
    Removing stm32f10x_rcc.o(i.RCC_MCOConfig), (12 bytes).
    Removing stm32f10x_rcc.o(i.RCC_PCLK1Config), (24 bytes).
    Removing stm32f10x_rcc.o(i.RCC_PCLK2Config), (24 bytes).
    Removing stm32f10x_rcc.o(i.RCC_PLLCmd), (12 bytes).
    Removing stm32f10x_rcc.o(i.RCC_PLLConfig), (28 bytes).
    Removing stm32f10x_rcc.o(i.RCC_RTCCLKCmd), (12 bytes).
    Removing stm32f10x_rcc.o(i.RCC_RTCCLKConfig), (16 bytes).
    Removing stm32f10x_rcc.o(i.RCC_SYSCLKConfig), (24 bytes).
    Removing stm32f10x_rcc.o(i.RCC_USBCLKConfig), (12 bytes).
    Removing stm32f10x_rcc.o(i.RCC_WaitForHSEStartUp), (56 bytes).
    Removing misc.o(i.NVIC_SetVectorTable), (20 bytes).
    Removing misc.o(i.NVIC_SystemLPConfig), (32 bytes).
    Removing stm32f10x_exti.o(i.EXTI_ClearFlag), (12 bytes).
    Removing stm32f10x_exti.o(i.EXTI_ClearITPendingBit), (12 bytes).
    Removing stm32f10x_exti.o(i.EXTI_DeInit), (36 bytes).
    Removing stm32f10x_exti.o(i.EXTI_GenerateSWInterrupt), (16 bytes).
    Removing stm32f10x_exti.o(i.EXTI_GetFlagStatus), (24 bytes).
    Removing stm32f10x_exti.o(i.EXTI_GetITStatus), (40 bytes).
    Removing stm32f10x_exti.o(i.EXTI_Init), (148 bytes).
    Removing stm32f10x_exti.o(i.EXTI_StructInit), (16 bytes).
    Removing stm32f10x_tim.o(i.TI1_Config), (128 bytes).
    Removing stm32f10x_tim.o(i.TI2_Config), (152 bytes).
    Removing stm32f10x_tim.o(i.TI3_Config), (144 bytes).
    Removing stm32f10x_tim.o(i.TI4_Config), (152 bytes).
    Removing stm32f10x_tim.o(i.TIM_ARRPreloadConfig), (24 bytes).
    Removing stm32f10x_tim.o(i.TIM_BDTRConfig), (32 bytes).
    Removing stm32f10x_tim.o(i.TIM_BDTRStructInit), (18 bytes).
    Removing stm32f10x_tim.o(i.TIM_CCPreloadControl), (24 bytes).
    Removing stm32f10x_tim.o(i.TIM_CCxCmd), (30 bytes).
    Removing stm32f10x_tim.o(i.TIM_CCxNCmd), (30 bytes).
    Removing stm32f10x_tim.o(i.TIM_ClearFlag), (6 bytes).
    Removing stm32f10x_tim.o(i.TIM_ClearOC1Ref), (18 bytes).
    Removing stm32f10x_tim.o(i.TIM_ClearOC2Ref), (24 bytes).
    Removing stm32f10x_tim.o(i.TIM_ClearOC3Ref), (18 bytes).
    Removing stm32f10x_tim.o(i.TIM_ClearOC4Ref), (24 bytes).
    Removing stm32f10x_tim.o(i.TIM_CounterModeConfig), (18 bytes).
    Removing stm32f10x_tim.o(i.TIM_CtrlPWMOutputs), (30 bytes).
    Removing stm32f10x_tim.o(i.TIM_DMACmd), (18 bytes).
    Removing stm32f10x_tim.o(i.TIM_DMAConfig), (10 bytes).
    Removing stm32f10x_tim.o(i.TIM_DeInit), (488 bytes).
    Removing stm32f10x_tim.o(i.TIM_ETRClockMode1Config), (54 bytes).
    Removing stm32f10x_tim.o(i.TIM_ETRClockMode2Config), (32 bytes).
    Removing stm32f10x_tim.o(i.TIM_ETRConfig), (28 bytes).
    Removing stm32f10x_tim.o(i.TIM_EncoderInterfaceConfig), (66 bytes).
    Removing stm32f10x_tim.o(i.TIM_ForcedOC1Config), (18 bytes).
    Removing stm32f10x_tim.o(i.TIM_ForcedOC2Config), (26 bytes).
    Removing stm32f10x_tim.o(i.TIM_ForcedOC3Config), (18 bytes).
    Removing stm32f10x_tim.o(i.TIM_ForcedOC4Config), (26 bytes).
    Removing stm32f10x_tim.o(i.TIM_GenerateEvent), (4 bytes).
    Removing stm32f10x_tim.o(i.TIM_GetCapture1), (6 bytes).
    Removing stm32f10x_tim.o(i.TIM_GetCapture2), (6 bytes).
    Removing stm32f10x_tim.o(i.TIM_GetCapture3), (6 bytes).
    Removing stm32f10x_tim.o(i.TIM_GetCapture4), (8 bytes).
    Removing stm32f10x_tim.o(i.TIM_GetCounter), (6 bytes).
    Removing stm32f10x_tim.o(i.TIM_GetFlagStatus), (18 bytes).
    Removing stm32f10x_tim.o(i.TIM_GetPrescaler), (6 bytes).
    Removing stm32f10x_tim.o(i.TIM_ICInit), (172 bytes).
    Removing stm32f10x_tim.o(i.TIM_ICStructInit), (18 bytes).
    Removing stm32f10x_tim.o(i.TIM_ITRxExternalClockConfig), (24 bytes).
    Removing stm32f10x_tim.o(i.TIM_InternalClockConfig), (12 bytes).
    Removing stm32f10x_tim.o(i.TIM_OC1FastConfig), (18 bytes).
    Removing stm32f10x_tim.o(i.TIM_OC1Init), (152 bytes).
    Removing stm32f10x_tim.o(i.TIM_OC1NPolarityConfig), (18 bytes).
    Removing stm32f10x_tim.o(i.TIM_OC1PolarityConfig), (18 bytes).
    Removing stm32f10x_tim.o(i.TIM_OC1PreloadConfig), (18 bytes).
    Removing stm32f10x_tim.o(i.TIM_OC2FastConfig), (26 bytes).
    Removing stm32f10x_tim.o(i.TIM_OC2Init), (164 bytes).
    Removing stm32f10x_tim.o(i.TIM_OC2NPolarityConfig), (26 bytes).
    Removing stm32f10x_tim.o(i.TIM_OC2PolarityConfig), (26 bytes).
    Removing stm32f10x_tim.o(i.TIM_OC2PreloadConfig), (26 bytes).
    Removing stm32f10x_tim.o(i.TIM_OC3FastConfig), (18 bytes).
    Removing stm32f10x_tim.o(i.TIM_OC3Init), (160 bytes).
    Removing stm32f10x_tim.o(i.TIM_OC3NPolarityConfig), (26 bytes).
    Removing stm32f10x_tim.o(i.TIM_OC3PolarityConfig), (26 bytes).
    Removing stm32f10x_tim.o(i.TIM_OC3PreloadConfig), (18 bytes).
    Removing stm32f10x_tim.o(i.TIM_OC4FastConfig), (26 bytes).
    Removing stm32f10x_tim.o(i.TIM_OC4Init), (124 bytes).
    Removing stm32f10x_tim.o(i.TIM_OC4PolarityConfig), (26 bytes).
    Removing stm32f10x_tim.o(i.TIM_OC4PreloadConfig), (26 bytes).
    Removing stm32f10x_tim.o(i.TIM_OCStructInit), (20 bytes).
    Removing stm32f10x_tim.o(i.TIM_PWMIConfig), (124 bytes).
    Removing stm32f10x_tim.o(i.TIM_PrescalerConfig), (6 bytes).
    Removing stm32f10x_tim.o(i.TIM_SelectCCDMA), (24 bytes).
    Removing stm32f10x_tim.o(i.TIM_SelectCOM), (24 bytes).
    Removing stm32f10x_tim.o(i.TIM_SelectHallSensor), (24 bytes).
    Removing stm32f10x_tim.o(i.TIM_SelectInputTrigger), (18 bytes).
    Removing stm32f10x_tim.o(i.TIM_SelectMasterSlaveMode), (18 bytes).
    Removing stm32f10x_tim.o(i.TIM_SelectOCxM), (82 bytes).
    Removing stm32f10x_tim.o(i.TIM_SelectOnePulseMode), (18 bytes).
    Removing stm32f10x_tim.o(i.TIM_SelectOutputTrigger), (18 bytes).
    Removing stm32f10x_tim.o(i.TIM_SelectSlaveMode), (18 bytes).
    Removing stm32f10x_tim.o(i.TIM_SetAutoreload), (4 bytes).
    Removing stm32f10x_tim.o(i.TIM_SetClockDivision), (18 bytes).
    Removing stm32f10x_tim.o(i.TIM_SetCompare1), (4 bytes).
    Removing stm32f10x_tim.o(i.TIM_SetCompare2), (4 bytes).
    Removing stm32f10x_tim.o(i.TIM_SetCompare3), (4 bytes).
    Removing stm32f10x_tim.o(i.TIM_SetCompare4), (6 bytes).
    Removing stm32f10x_tim.o(i.TIM_SetCounter), (4 bytes).
    Removing stm32f10x_tim.o(i.TIM_SetIC1Prescaler), (18 bytes).
    Removing stm32f10x_tim.o(i.TIM_SetIC2Prescaler), (26 bytes).
    Removing stm32f10x_tim.o(i.TIM_SetIC3Prescaler), (18 bytes).
    Removing stm32f10x_tim.o(i.TIM_SetIC4Prescaler), (26 bytes).
    Removing stm32f10x_tim.o(i.TIM_TIxExternalClockConfig), (62 bytes).
    Removing stm32f10x_tim.o(i.TIM_TimeBaseStructInit), (18 bytes).
    Removing stm32f10x_tim.o(i.TIM_UpdateDisableConfig), (24 bytes).
    Removing stm32f10x_tim.o(i.TIM_UpdateRequestConfig), (24 bytes).
    Removing stm32f10x_usart.o(i.USART_ClockInit), (34 bytes).
    Removing stm32f10x_usart.o(i.USART_ClockStructInit), (12 bytes).
    Removing stm32f10x_usart.o(i.USART_DMACmd), (18 bytes).
    Removing stm32f10x_usart.o(i.USART_DeInit), (156 bytes).
    Removing stm32f10x_usart.o(i.USART_GetFlagStatus), (26 bytes).
    Removing stm32f10x_usart.o(i.USART_HalfDuplexCmd), (24 bytes).
    Removing stm32f10x_usart.o(i.USART_IrDACmd), (24 bytes).
    Removing stm32f10x_usart.o(i.USART_IrDAConfig), (18 bytes).
    Removing stm32f10x_usart.o(i.USART_LINBreakDetectLengthConfig), (18 bytes).
    Removing stm32f10x_usart.o(i.USART_LINCmd), (24 bytes).
    Removing stm32f10x_usart.o(i.USART_OneBitMethodCmd), (24 bytes).
    Removing stm32f10x_usart.o(i.USART_OverSampling8Cmd), (22 bytes).
    Removing stm32f10x_usart.o(i.USART_ReceiverWakeUpCmd), (24 bytes).
    Removing stm32f10x_usart.o(i.USART_SendBreak), (10 bytes).
    Removing stm32f10x_usart.o(i.USART_SetAddress), (18 bytes).
    Removing stm32f10x_usart.o(i.USART_SetGuardTime), (16 bytes).
    Removing stm32f10x_usart.o(i.USART_SetPrescaler), (16 bytes).
    Removing stm32f10x_usart.o(i.USART_SmartCardCmd), (24 bytes).
    Removing stm32f10x_usart.o(i.USART_SmartCardNACKCmd), (24 bytes).
    Removing stm32f10x_usart.o(i.USART_StructInit), (24 bytes).
    Removing stm32f10x_usart.o(i.USART_WakeUpConfig), (18 bytes).
    Removing stm32f10x_can.o(i.CAN_CancelTransmit), (48 bytes).
    Removing stm32f10x_can.o(i.CAN_ClearFlag), (56 bytes).
    Removing stm32f10x_can.o(i.CAN_DBGFreeze), (22 bytes).
    Removing stm32f10x_can.o(i.CAN_DeInit), (56 bytes).
    Removing stm32f10x_can.o(i.CAN_FIFORelease), (22 bytes).
    Removing stm32f10x_can.o(i.CAN_GetFlagStatus), (120 bytes).
    Removing stm32f10x_can.o(i.CAN_GetLSBTransmitErrorCounter), (12 bytes).
    Removing stm32f10x_can.o(i.CAN_GetLastErrorCode), (12 bytes).
    Removing stm32f10x_can.o(i.CAN_GetReceiveErrorCounter), (10 bytes).
    Removing stm32f10x_can.o(i.CAN_MessagePending), (30 bytes).
    Removing stm32f10x_can.o(i.CAN_OperatingModeRequest), (162 bytes).
    Removing stm32f10x_can.o(i.CAN_SlaveStartBank), (52 bytes).
    Removing stm32f10x_can.o(i.CAN_Sleep), (30 bytes).
    Removing stm32f10x_can.o(i.CAN_StructInit), (32 bytes).
    Removing stm32f10x_can.o(i.CAN_TTComModeCmd), (118 bytes).
    Removing stm32f10x_can.o(i.CAN_WakeUp), (48 bytes).
    Removing stm32f10x_i2c.o(i.I2C_ARPCmd), (24 bytes).
    Removing stm32f10x_i2c.o(i.I2C_AcknowledgeConfig), (24 bytes).
    Removing stm32f10x_i2c.o(i.I2C_CalculatePEC), (24 bytes).
    Removing stm32f10x_i2c.o(i.I2C_CheckEvent), (42 bytes).
    Removing stm32f10x_i2c.o(i.I2C_ClearFlag), (12 bytes).
    Removing stm32f10x_i2c.o(i.I2C_ClearITPendingBit), (12 bytes).
    Removing stm32f10x_i2c.o(i.I2C_Cmd), (24 bytes).
    Removing stm32f10x_i2c.o(i.I2C_DMACmd), (24 bytes).
    Removing stm32f10x_i2c.o(i.I2C_DMALastTransferCmd), (24 bytes).
    Removing stm32f10x_i2c.o(i.I2C_DeInit), (56 bytes).
    Removing stm32f10x_i2c.o(i.I2C_DualAddressCmd), (24 bytes).
    Removing stm32f10x_i2c.o(i.I2C_FastModeDutyCycleConfig), (28 bytes).
    Removing stm32f10x_i2c.o(i.I2C_GeneralCallCmd), (24 bytes).
    Removing stm32f10x_i2c.o(i.I2C_GenerateSTART), (24 bytes).
    Removing stm32f10x_i2c.o(i.I2C_GenerateSTOP), (24 bytes).
    Removing stm32f10x_i2c.o(i.I2C_GetFlagStatus), (58 bytes).
    Removing stm32f10x_i2c.o(i.I2C_GetITStatus), (38 bytes).
    Removing stm32f10x_i2c.o(i.I2C_GetLastEvent), (26 bytes).
    Removing stm32f10x_i2c.o(i.I2C_GetPEC), (8 bytes).
    Removing stm32f10x_i2c.o(i.I2C_ITConfig), (18 bytes).
    Removing stm32f10x_i2c.o(i.I2C_Init), (236 bytes).
    Removing stm32f10x_i2c.o(i.I2C_NACKPositionConfig), (28 bytes).
    Removing stm32f10x_i2c.o(i.I2C_OwnAddress2Config), (22 bytes).
    Removing stm32f10x_i2c.o(i.I2C_PECPositionConfig), (28 bytes).
    Removing stm32f10x_i2c.o(i.I2C_ReadRegister), (22 bytes).
    Removing stm32f10x_i2c.o(i.I2C_ReceiveData), (8 bytes).
    Removing stm32f10x_i2c.o(i.I2C_SMBusAlertConfig), (28 bytes).
    Removing stm32f10x_i2c.o(i.I2C_Send7bitAddress), (18 bytes).
    Removing stm32f10x_i2c.o(i.I2C_SendData), (4 bytes).
    Removing stm32f10x_i2c.o(i.I2C_SoftwareResetCmd), (22 bytes).
    Removing stm32f10x_i2c.o(i.I2C_StretchClockCmd), (24 bytes).
    Removing stm32f10x_i2c.o(i.I2C_StructInit), (30 bytes).
    Removing stm32f10x_i2c.o(i.I2C_TransmitPEC), (24 bytes).
    Removing system_stm32f10x.o(i.SystemCoreClockUpdate), (164 bytes).
    Removing system_stm32f10x.o(.data), (20 bytes).
    Removing core_cm3.o(.emb_text), (32 bytes).
    Removing ffltui.o(.text), (10 bytes).
    Removing ffixui.o(.text), (40 bytes).

233 unused section(s) (total 13246 bytes) removed from the image.

==============================================================================

Image Symbol Table

    Local Symbols

    Symbol Name                              Value     Ov Type        Size  Object(Section)

    ../clib/microlib/init/entry.s            0x00000000   Number         0  entry7a.o ABSOLUTE
    ../clib/microlib/init/entry.s            0x00000000   Number         0  entry11b.o ABSOLUTE
    ../clib/microlib/init/entry.s            0x00000000   Number         0  entry9a.o ABSOLUTE
    ../clib/microlib/init/entry.s            0x00000000   Number         0  entry2.o ABSOLUTE
    ../clib/microlib/init/entry.s            0x00000000   Number         0  entry8a.o ABSOLUTE
    ../clib/microlib/init/entry.s            0x00000000   Number         0  entry11a.o ABSOLUTE
    ../clib/microlib/init/entry.s            0x00000000   Number         0  entry10b.o ABSOLUTE
    ../clib/microlib/init/entry.s            0x00000000   Number         0  entry10a.o ABSOLUTE
    ../clib/microlib/init/entry.s            0x00000000   Number         0  entry.o ABSOLUTE
    ../clib/microlib/init/entry.s            0x00000000   Number         0  entry7b.o ABSOLUTE
    ../clib/microlib/init/entry.s            0x00000000   Number         0  entry5.o ABSOLUTE
    ../clib/microlib/init/entry.s            0x00000000   Number         0  entry8b.o ABSOLUTE
    ../clib/microlib/init/entry.s            0x00000000   Number         0  entry9b.o ABSOLUTE
    ../clib/microlib/longlong.c              0x00000000   Number         0  llshl.o ABSOLUTE
    ../clib/microlib/longlong.c              0x00000000   Number         0  llushr.o ABSOLUTE
    ../clib/microlib/stubs.s                 0x00000000   Number         0  iusefp.o ABSOLUTE
    ../fplib/microlib/f2d.c                  0x00000000   Number         0  f2d.o ABSOLUTE
    ../fplib/microlib/fpadd.c                0x00000000   Number         0  fadd.o ABSOLUTE
    ../fplib/microlib/fpdiv.c                0x00000000   Number         0  fdiv.o ABSOLUTE
    ../fplib/microlib/fpepilogue.c           0x00000000   Number         0  depilogue.o ABSOLUTE
    ../fplib/microlib/fpepilogue.c           0x00000000   Number         0  fepilogue.o ABSOLUTE
    ../fplib/microlib/fpfix.c                0x00000000   Number         0  ffixui.o ABSOLUTE
    ../fplib/microlib/fpfix.c                0x00000000   Number         0  dfixi.o ABSOLUTE
    ../fplib/microlib/fpfix.c                0x00000000   Number         0  ffixi.o ABSOLUTE
    ../fplib/microlib/fpflt.c                0x00000000   Number         0  fflti.o ABSOLUTE
    ../fplib/microlib/fpflt.c                0x00000000   Number         0  ffltui.o ABSOLUTE
    ../fplib/microlib/fpflt.c                0x00000000   Number         0  dflti.o ABSOLUTE
    ../fplib/microlib/fpmul.c                0x00000000   Number         0  fmul.o ABSOLUTE
    ../fplib/microlib/fpmul.c                0x00000000   Number         0  dmul.o ABSOLUTE
    APP\CAN_receive\CAN_Receive.c            0x00000000   Number         0  can_receive.o ABSOLUTE
    APP\control\control.c                    0x00000000   Number         0  control.o ABSOLUTE
    APP\pid\pid.c                            0x00000000   Number         0  pid.o ABSOLUTE
    APP\time\time.c                          0x00000000   Number         0  time.o ABSOLUTE
    APP\usart\usart.c                        0x00000000   Number         0  usart.o ABSOLUTE
    Hardwork\OLED\oled.c                     0x00000000   Number         0  oled.o ABSOLUTE
    Hardwork\can\can.c                       0x00000000   Number         0  can.o ABSOLUTE
    Hardwork\led\led.c                       0x00000000   Number         0  led.o ABSOLUTE
    Hardwork\ps2\ps2.c                       0x00000000   Number         0  ps2.o ABSOLUTE
    Libraries\CMSIS\core_cm3.c               0x00000000   Number         0  core_cm3.o ABSOLUTE
    Libraries\CMSIS\startup_stm32f10x_md.s   0x00000000   Number         0  startup_stm32f10x_md.o ABSOLUTE
    Libraries\CMSIS\system_stm32f10x.c       0x00000000   Number         0  system_stm32f10x.o ABSOLUTE
    Libraries\STM32F10x_StdPeriph_Driver\src\misc.c 0x00000000   Number         0  misc.o ABSOLUTE
    Libraries\STM32F10x_StdPeriph_Driver\src\stm32f10x_can.c 0x00000000   Number         0  stm32f10x_can.o ABSOLUTE
    Libraries\STM32F10x_StdPeriph_Driver\src\stm32f10x_exti.c 0x00000000   Number         0  stm32f10x_exti.o ABSOLUTE
    Libraries\STM32F10x_StdPeriph_Driver\src\stm32f10x_gpio.c 0x00000000   Number         0  stm32f10x_gpio.o ABSOLUTE
    Libraries\STM32F10x_StdPeriph_Driver\src\stm32f10x_i2c.c 0x00000000   Number         0  stm32f10x_i2c.o ABSOLUTE
    Libraries\STM32F10x_StdPeriph_Driver\src\stm32f10x_rcc.c 0x00000000   Number         0  stm32f10x_rcc.o ABSOLUTE
    Libraries\STM32F10x_StdPeriph_Driver\src\stm32f10x_tim.c 0x00000000   Number         0  stm32f10x_tim.o ABSOLUTE
    Libraries\STM32F10x_StdPeriph_Driver\src\stm32f10x_usart.c 0x00000000   Number         0  stm32f10x_usart.o ABSOLUTE
    Libraries\\CMSIS\\core_cm3.c             0x00000000   Number         0  core_cm3.o ABSOLUTE
    Public\SysTick.c                         0x00000000   Number         0  systick.o ABSOLUTE
    Public\system.c                          0x00000000   Number         0  system.o ABSOLUTE
    User\main.c                              0x00000000   Number         0  main.o ABSOLUTE
    User\stm32f10x_it.c                      0x00000000   Number         0  stm32f10x_it.o ABSOLUTE
    cdcmple.s                                0x00000000   Number         0  cdcmple.o ABSOLUTE
    cdrcmple.s                               0x00000000   Number         0  cdrcmple.o ABSOLUTE
    cfcmple.s                                0x00000000   Number         0  cfcmple.o ABSOLUTE
    cfrcmple.s                               0x00000000   Number         0  cfrcmple.o ABSOLUTE
    dc.s                                     0x00000000   Number         0  dc.o ABSOLUTE
    handlers.s                               0x00000000   Number         0  handlers.o ABSOLUTE
    init.s                                   0x00000000   Number         0  init.o ABSOLUTE
    RESET                                    0x08000000   Section      236  startup_stm32f10x_md.o(RESET)
    .ARM.Collect$$$$00000000                 0x080000ec   Section        0  entry.o(.ARM.Collect$$$$00000000)
    .ARM.Collect$$$$00000001                 0x080000ec   Section        4  entry2.o(.ARM.Collect$$$$00000001)
    .ARM.Collect$$$$00000004                 0x080000f0   Section        4  entry5.o(.ARM.Collect$$$$00000004)
    .ARM.Collect$$$$00000008                 0x080000f4   Section        0  entry7b.o(.ARM.Collect$$$$00000008)
    .ARM.Collect$$$$0000000A                 0x080000f4   Section        0  entry8b.o(.ARM.Collect$$$$0000000A)
    .ARM.Collect$$$$0000000B                 0x080000f4   Section        8  entry9a.o(.ARM.Collect$$$$0000000B)
    .ARM.Collect$$$$0000000D                 0x080000fc   Section        0  entry10a.o(.ARM.Collect$$$$0000000D)
    .ARM.Collect$$$$0000000F                 0x080000fc   Section        0  entry11a.o(.ARM.Collect$$$$0000000F)
    .ARM.Collect$$$$00002712                 0x080000fc   Section        4  entry2.o(.ARM.Collect$$$$00002712)
    __lit__00000000                          0x080000fc   Data           4  entry2.o(.ARM.Collect$$$$00002712)
    .text                                    0x08000100   Section       36  startup_stm32f10x_md.o(.text)
    .text                                    0x08000124   Section        0  fadd.o(.text)
    .text                                    0x080001d4   Section        0  fmul.o(.text)
    .text                                    0x08000238   Section        0  fdiv.o(.text)
    .text                                    0x080002b4   Section        0  dmul.o(.text)
    .text                                    0x08000398   Section        0  fflti.o(.text)
    .text                                    0x080003aa   Section        0  dflti.o(.text)
    .text                                    0x080003cc   Section        0  ffixi.o(.text)
    .text                                    0x080003fe   Section        0  dfixi.o(.text)
    .text                                    0x0800043c   Section        0  f2d.o(.text)
    .text                                    0x08000464   Section       48  cdcmple.o(.text)
    .text                                    0x08000494   Section       48  cdrcmple.o(.text)
    .text                                    0x080004c4   Section       20  cfcmple.o(.text)
    .text                                    0x080004d8   Section       20  cfrcmple.o(.text)
    .text                                    0x080004ec   Section        0  llushr.o(.text)
    .text                                    0x0800050c   Section        0  fepilogue.o(.text)
    .text                                    0x0800050c   Section        0  iusefp.o(.text)
    .text                                    0x0800057a   Section        0  depilogue.o(.text)
    .text                                    0x08000634   Section       36  init.o(.text)
    .text                                    0x08000658   Section        0  llshl.o(.text)
    i.All_Init                               0x08000678   Section        0  main.o(i.All_Init)
    i.BusFault_Handler                       0x080006e8   Section        0  stm32f10x_it.o(i.BusFault_Handler)
    i.CAN1_Mode_Init                         0x080006ec   Section        0  can.o(i.CAN1_Mode_Init)
    i.CAN_CMD_CHASSIS                        0x080007e4   Section        0  can_receive.o(i.CAN_CMD_CHASSIS)
    i.CAN_ClearITPendingBit                  0x08000858   Section        0  stm32f10x_can.o(i.CAN_ClearITPendingBit)
    i.CAN_FilterInit                         0x08000900   Section        0  stm32f10x_can.o(i.CAN_FilterInit)
    i.CAN_GetITStatus                        0x08000a08   Section        0  stm32f10x_can.o(i.CAN_GetITStatus)
    i.CAN_ITConfig                           0x08000b28   Section        0  stm32f10x_can.o(i.CAN_ITConfig)
    i.CAN_Init                               0x08000b3a   Section        0  stm32f10x_can.o(i.CAN_Init)
    i.CAN_Receive                            0x08000c4e   Section        0  stm32f10x_can.o(i.CAN_Receive)
    i.CAN_Receive_Msg                        0x08000d40   Section        0  can_receive.o(i.CAN_Receive_Msg)
    i.CAN_Transmit                           0x08000d74   Section        0  stm32f10x_can.o(i.CAN_Transmit)
    i.CAN_TransmitStatus                     0x08000e9c   Section        0  stm32f10x_can.o(i.CAN_TransmitStatus)
    i.CAN_hook                               0x08000f3c   Section        0  can_receive.o(i.CAN_hook)
    CAN_hook                                 0x08000f3d   Thumb Code   148  can_receive.o(i.CAN_hook)
    i.CheckITStatus                          0x08000fd8   Section        0  stm32f10x_can.o(i.CheckITStatus)
    CheckITStatus                            0x08000fd9   Thumb Code    18  stm32f10x_can.o(i.CheckITStatus)
    i.DebugMon_Handler                       0x08000fea   Section        0  stm32f10x_it.o(i.DebugMon_Handler)
    i.GPIO_Init                              0x08000fec   Section        0  stm32f10x_gpio.o(i.GPIO_Init)
    i.GPIO_SetBits                           0x08001102   Section        0  stm32f10x_gpio.o(i.GPIO_SetBits)
    i.HardFault_Handler                      0x08001106   Section        0  stm32f10x_it.o(i.HardFault_Handler)
    i.IIC_Start                              0x0800110c   Section        0  oled.o(i.IIC_Start)
    i.IIC_Stop                               0x08001144   Section        0  oled.o(i.IIC_Stop)
    i.LED_Init                               0x0800117c   Section        0  led.o(i.LED_Init)
    i.MemManage_Handler                      0x080011b4   Section        0  stm32f10x_it.o(i.MemManage_Handler)
    i.Motor_error_equalize                   0x080011b8   Section        0  control.o(i.Motor_error_equalize)
    i.NMI_Handler                            0x08001280   Section        0  stm32f10x_it.o(i.NMI_Handler)
    i.NVIC_Init                              0x08001284   Section        0  misc.o(i.NVIC_Init)
    i.NVIC_PriorityGroupConfig               0x080012f4   Section        0  misc.o(i.NVIC_PriorityGroupConfig)
    i.OLED_Fill                              0x08001308   Section        0  oled.o(i.OLED_Fill)
    i.OLED_GPIO_Init                         0x08001344   Section        0  oled.o(i.OLED_GPIO_Init)
    i.OLED_Init                              0x08001378   Section        0  oled.o(i.OLED_Init)
    i.OLED_Set_Pos                           0x0800143c   Section        0  oled.o(i.OLED_Set_Pos)
    i.OLED_WrCmd                             0x08001464   Section        0  oled.o(i.OLED_WrCmd)
    i.OLED_WrDat                             0x08001484   Section        0  oled.o(i.OLED_WrDat)
    i.PID_Calc                               0x080014a4   Section        0  pid.o(i.PID_Calc)
    i.PID_IncrementMode                      0x0800167c   Section        0  control.o(i.PID_IncrementMode)
    i.PID_Init                               0x08001748   Section        0  pid.o(i.PID_Init)
    i.PID_Move_Clear                         0x0800177e   Section        0  control.o(i.PID_Move_Clear)
    i.PID_clear                              0x080017a2   Section        0  pid.o(i.PID_clear)
    i.PS2_AnologData                         0x080017c8   Section        0  ps2.o(i.PS2_AnologData)
    i.PS2_ClearData                          0x080017d4   Section        0  ps2.o(i.PS2_ClearData)
    i.PS2_Cmd                                0x080017ec   Section        0  ps2.o(i.PS2_Cmd)
    i.PS2_DataKey                            0x0800187c   Section        0  ps2.o(i.PS2_DataKey)
    i.PS2_EnterConfing                       0x080018d0   Section        0  ps2.o(i.PS2_EnterConfing)
    i.PS2_ExitConfing                        0x0800192c   Section        0  ps2.o(i.PS2_ExitConfing)
    i.PS2_Init                               0x08001988   Section        0  ps2.o(i.PS2_Init)
    i.PS2_ReadData                           0x080019c8   Section        0  ps2.o(i.PS2_ReadData)
    i.PS2_SetInit                            0x08001a7c   Section        0  ps2.o(i.PS2_SetInit)
    i.PS2_ShortPoll                          0x08001a9c   Section        0  ps2.o(i.PS2_ShortPoll)
    i.PS2_TurnOnAnalogMode                   0x08001ae0   Section        0  ps2.o(i.PS2_TurnOnAnalogMode)
    i.PS2_Vibration                          0x08001b38   Section        0  ps2.o(i.PS2_Vibration)
    i.PS2_VibrationMode                      0x08001b98   Section        0  ps2.o(i.PS2_VibrationMode)
    i.PendSV_Handler                         0x08001bdc   Section        0  stm32f10x_it.o(i.PendSV_Handler)
    i.RCC_APB1PeriphClockCmd                 0x08001be0   Section        0  stm32f10x_rcc.o(i.RCC_APB1PeriphClockCmd)
    i.RCC_APB2PeriphClockCmd                 0x08001c00   Section        0  stm32f10x_rcc.o(i.RCC_APB2PeriphClockCmd)
    i.RCC_GetClocksFreq                      0x08001c20   Section        0  stm32f10x_rcc.o(i.RCC_GetClocksFreq)
    i.SVC_Handler                            0x08001cf4   Section        0  stm32f10x_it.o(i.SVC_Handler)
    i.SetSysClock                            0x08001cf6   Section        0  system_stm32f10x.o(i.SetSysClock)
    SetSysClock                              0x08001cf7   Thumb Code     8  system_stm32f10x.o(i.SetSysClock)
    i.SetSysClockTo72                        0x08001d00   Section        0  system_stm32f10x.o(i.SetSysClockTo72)
    SetSysClockTo72                          0x08001d01   Thumb Code   214  system_stm32f10x.o(i.SetSysClockTo72)
    i.SysTick_CLKSourceConfig                0x08001de0   Section        0  misc.o(i.SysTick_CLKSourceConfig)
    i.SysTick_Handler                        0x08001e08   Section        0  stm32f10x_it.o(i.SysTick_Handler)
    i.SysTick_Init                           0x08001e0c   Section        0  systick.o(i.SysTick_Init)
    i.SystemInit                             0x08001e48   Section        0  system_stm32f10x.o(i.SystemInit)
    i.TIM2_IRQHandler                        0x08001ea8   Section        0  time.o(i.TIM2_IRQHandler)
    i.TIM2_Init                              0x08001f60   Section        0  time.o(i.TIM2_Init)
    i.TIM3_IRQHandler                        0x08001fbc   Section        0  time.o(i.TIM3_IRQHandler)
    i.TIM3_Init                              0x0800208c   Section        0  time.o(i.TIM3_Init)
    i.TIM_ClearITPendingBit                  0x080020ec   Section        0  stm32f10x_tim.o(i.TIM_ClearITPendingBit)
    i.TIM_Cmd                                0x080020f2   Section        0  stm32f10x_tim.o(i.TIM_Cmd)
    i.TIM_GetITStatus                        0x0800210a   Section        0  stm32f10x_tim.o(i.TIM_GetITStatus)
    i.TIM_ITConfig                           0x0800212c   Section        0  stm32f10x_tim.o(i.TIM_ITConfig)
    i.TIM_TimeBaseInit                       0x08002140   Section        0  stm32f10x_tim.o(i.TIM_TimeBaseInit)
    i.USART1_IRQHandler                      0x080021e4   Section        0  usart.o(i.USART1_IRQHandler)
    i.USART1_Init                            0x080022a0   Section        0  usart.o(i.USART1_Init)
    i.USART2_Init                            0x08002350   Section        0  usart.o(i.USART2_Init)
    i.USART_ClearFlag                        0x080023f4   Section        0  stm32f10x_usart.o(i.USART_ClearFlag)
    i.USART_ClearITPendingBit                0x08002406   Section        0  stm32f10x_usart.o(i.USART_ClearITPendingBit)
    i.USART_Cmd                              0x08002424   Section        0  stm32f10x_usart.o(i.USART_Cmd)
    i.USART_GetITStatus                      0x0800243c   Section        0  stm32f10x_usart.o(i.USART_GetITStatus)
    i.USART_ITConfig                         0x08002490   Section        0  stm32f10x_usart.o(i.USART_ITConfig)
    i.USART_Init                             0x080024dc   Section        0  stm32f10x_usart.o(i.USART_Init)
    i.USART_ReceiveData                      0x080025b4   Section        0  stm32f10x_usart.o(i.USART_ReceiveData)
    i.USART_SendData                         0x080025be   Section        0  stm32f10x_usart.o(i.USART_SendData)
    i.UsageFault_Handler                     0x080025c6   Section        0  stm32f10x_it.o(i.UsageFault_Handler)
    i.Write_IIC_Byte                         0x080025cc   Section        0  oled.o(i.Write_IIC_Byte)
    i.__scatterload_copy                     0x08002634   Section       14  handlers.o(i.__scatterload_copy)
    i.__scatterload_null                     0x08002642   Section        2  handlers.o(i.__scatterload_null)
    i.__scatterload_zeroinit                 0x08002644   Section       14  handlers.o(i.__scatterload_zeroinit)
    i.chassis_control_loop                   0x08002654   Section        0  control.o(i.chassis_control_loop)
    i.chassis_feedback_update                0x08002864   Section        0  control.o(i.chassis_feedback_update)
    i.chassis_init                           0x080028b0   Section        0  control.o(i.chassis_init)
    i.delay_ms                               0x08002920   Section        0  systick.o(i.delay_ms)
    i.delay_us                               0x0800296c   Section        0  systick.o(i.delay_us)
    i.get_Chassis_Motor_Measure_Point        0x080029b8   Section        0  can_receive.o(i.get_Chassis_Motor_Measure_Point)
    i.main                                   0x080029d0   Section        0  main.o(i.main)
    .constdata                               0x08002bb0   Section       24  control.o(.constdata)
    motor1_speed_pid                         0x08002bb0   Data          12  control.o(.constdata)
    motor2_speed_pid                         0x08002bbc   Data          12  control.o(.constdata)
    .data                                    0x20000000   Section        1  main.o(.data)
    .data                                    0x20000001   Section        1  can_receive.o(.data)
    i                                        0x20000001   Data           1  can_receive.o(.data)
    .data                                    0x20000002   Section       13  usart.o(.data)
    usart_rx                                 0x20000007   Data           1  usart.o(.data)
    usart1_buff                              0x20000008   Data           7  usart.o(.data)
    .data                                    0x20000010   Section       28  control.o(.data)
    .data                                    0x2000002c   Section       36  ps2.o(.data)
    .data                                    0x20000050   Section        4  systick.o(.data)
    fac_us                                   0x20000050   Data           1  systick.o(.data)
    fac_ms                                   0x20000052   Data           2  systick.o(.data)
    .data                                    0x20000054   Section       20  stm32f10x_rcc.o(.data)
    APBAHBPrescTable                         0x20000054   Data          16  stm32f10x_rcc.o(.data)
    ADCPrescTable                            0x20000064   Data           4  stm32f10x_rcc.o(.data)
    .bss                                     0x20000068   Section       40  can_receive.o(.bss)
    motor_chassis                            0x20000068   Data          20  can_receive.o(.bss)
    RxMessage                                0x2000007c   Data          20  can_receive.o(.bss)
    .bss                                     0x20000090   Section      216  control.o(.bss)
    .bss                                     0x20000168   Section        9  ps2.o(.bss)
    STACK                                    0x20000178   Section     1024  startup_stm32f10x_md.o(STACK)

    Global Symbols

    Symbol Name                              Value     Ov Type        Size  Object(Section)

    BuildAttributes$$THM_ISAv4$P$D$K$B$S$PE$A:L22UL41UL21$X:L11$S22US41US21$IEEE1$IW$USESV6$~STKCKD$USESV7$~SHL$OTIME$ROPI$EBA8$MICROLIB$REQ8$PRES8$EABIv2 0x00000000   Number         0  anon$$obj.o ABSOLUTE
    __ARM_use_no_argv                        0x00000000   Number         0  main.o ABSOLUTE
    __cpp_initialize__aeabi_                  - Undefined Weak Reference
    __cxa_finalize                            - Undefined Weak Reference
    __decompress                              - Undefined Weak Reference
    _clock_init                               - Undefined Weak Reference
    _microlib_exit                            - Undefined Weak Reference
    __Vectors_Size                           0x000000ec   Number         0  startup_stm32f10x_md.o ABSOLUTE
    __Vectors                                0x08000000   Data           4  startup_stm32f10x_md.o(RESET)
    __Vectors_End                            0x080000ec   Data           0  startup_stm32f10x_md.o(RESET)
    __main                                   0x080000ed   Thumb Code     0  entry.o(.ARM.Collect$$$$00000000)
    _main_stk                                0x080000ed   Thumb Code     0  entry2.o(.ARM.Collect$$$$00000001)
    _main_scatterload                        0x080000f1   Thumb Code     0  entry5.o(.ARM.Collect$$$$00000004)
    __main_after_scatterload                 0x080000f5   Thumb Code     0  entry5.o(.ARM.Collect$$$$00000004)
    _main_clock                              0x080000f5   Thumb Code     0  entry7b.o(.ARM.Collect$$$$00000008)
    _main_cpp_init                           0x080000f5   Thumb Code     0  entry8b.o(.ARM.Collect$$$$0000000A)
    _main_init                               0x080000f5   Thumb Code     0  entry9a.o(.ARM.Collect$$$$0000000B)
    __rt_final_cpp                           0x080000fd   Thumb Code     0  entry10a.o(.ARM.Collect$$$$0000000D)
    __rt_final_exit                          0x080000fd   Thumb Code     0  entry11a.o(.ARM.Collect$$$$0000000F)
    Reset_Handler                            0x08000101   Thumb Code     8  startup_stm32f10x_md.o(.text)
    ADC1_2_IRQHandler                        0x0800011b   Thumb Code     0  startup_stm32f10x_md.o(.text)
    CAN1_RX1_IRQHandler                      0x0800011b   Thumb Code     0  startup_stm32f10x_md.o(.text)
    CAN1_SCE_IRQHandler                      0x0800011b   Thumb Code     0  startup_stm32f10x_md.o(.text)
    DMA1_Channel1_IRQHandler                 0x0800011b   Thumb Code     0  startup_stm32f10x_md.o(.text)
    DMA1_Channel2_IRQHandler                 0x0800011b   Thumb Code     0  startup_stm32f10x_md.o(.text)
    DMA1_Channel3_IRQHandler                 0x0800011b   Thumb Code     0  startup_stm32f10x_md.o(.text)
    DMA1_Channel4_IRQHandler                 0x0800011b   Thumb Code     0  startup_stm32f10x_md.o(.text)
    DMA1_Channel5_IRQHandler                 0x0800011b   Thumb Code     0  startup_stm32f10x_md.o(.text)
    DMA1_Channel6_IRQHandler                 0x0800011b   Thumb Code     0  startup_stm32f10x_md.o(.text)
    DMA1_Channel7_IRQHandler                 0x0800011b   Thumb Code     0  startup_stm32f10x_md.o(.text)
    EXTI0_IRQHandler                         0x0800011b   Thumb Code     0  startup_stm32f10x_md.o(.text)
    EXTI15_10_IRQHandler                     0x0800011b   Thumb Code     0  startup_stm32f10x_md.o(.text)
    EXTI1_IRQHandler                         0x0800011b   Thumb Code     0  startup_stm32f10x_md.o(.text)
    EXTI2_IRQHandler                         0x0800011b   Thumb Code     0  startup_stm32f10x_md.o(.text)
    EXTI3_IRQHandler                         0x0800011b   Thumb Code     0  startup_stm32f10x_md.o(.text)
    EXTI4_IRQHandler                         0x0800011b   Thumb Code     0  startup_stm32f10x_md.o(.text)
    EXTI9_5_IRQHandler                       0x0800011b   Thumb Code     0  startup_stm32f10x_md.o(.text)
    FLASH_IRQHandler                         0x0800011b   Thumb Code     0  startup_stm32f10x_md.o(.text)
    I2C1_ER_IRQHandler                       0x0800011b   Thumb Code     0  startup_stm32f10x_md.o(.text)
    I2C1_EV_IRQHandler                       0x0800011b   Thumb Code     0  startup_stm32f10x_md.o(.text)
    I2C2_ER_IRQHandler                       0x0800011b   Thumb Code     0  startup_stm32f10x_md.o(.text)
    I2C2_EV_IRQHandler                       0x0800011b   Thumb Code     0  startup_stm32f10x_md.o(.text)
    PVD_IRQHandler                           0x0800011b   Thumb Code     0  startup_stm32f10x_md.o(.text)
    RCC_IRQHandler                           0x0800011b   Thumb Code     0  startup_stm32f10x_md.o(.text)
    RTCAlarm_IRQHandler                      0x0800011b   Thumb Code     0  startup_stm32f10x_md.o(.text)
    RTC_IRQHandler                           0x0800011b   Thumb Code     0  startup_stm32f10x_md.o(.text)
    SPI1_IRQHandler                          0x0800011b   Thumb Code     0  startup_stm32f10x_md.o(.text)
    SPI2_IRQHandler                          0x0800011b   Thumb Code     0  startup_stm32f10x_md.o(.text)
    TAMPER_IRQHandler                        0x0800011b   Thumb Code     0  startup_stm32f10x_md.o(.text)
    TIM1_BRK_IRQHandler                      0x0800011b   Thumb Code     0  startup_stm32f10x_md.o(.text)
    TIM1_CC_IRQHandler                       0x0800011b   Thumb Code     0  startup_stm32f10x_md.o(.text)
    TIM1_TRG_COM_IRQHandler                  0x0800011b   Thumb Code     0  startup_stm32f10x_md.o(.text)
    TIM1_UP_IRQHandler                       0x0800011b   Thumb Code     0  startup_stm32f10x_md.o(.text)
    TIM4_IRQHandler                          0x0800011b   Thumb Code     0  startup_stm32f10x_md.o(.text)
    USART2_IRQHandler                        0x0800011b   Thumb Code     0  startup_stm32f10x_md.o(.text)
    USART3_IRQHandler                        0x0800011b   Thumb Code     0  startup_stm32f10x_md.o(.text)
    USBWakeUp_IRQHandler                     0x0800011b   Thumb Code     0  startup_stm32f10x_md.o(.text)
    USB_HP_CAN1_TX_IRQHandler                0x0800011b   Thumb Code     0  startup_stm32f10x_md.o(.text)
    USB_LP_CAN1_RX0_IRQHandler               0x0800011b   Thumb Code     0  startup_stm32f10x_md.o(.text)
    WWDG_IRQHandler                          0x0800011b   Thumb Code     0  startup_stm32f10x_md.o(.text)
    __aeabi_fadd                             0x08000125   Thumb Code   164  fadd.o(.text)
    __aeabi_fsub                             0x080001c9   Thumb Code     6  fadd.o(.text)
    __aeabi_frsub                            0x080001cf   Thumb Code     6  fadd.o(.text)
    __aeabi_fmul                             0x080001d5   Thumb Code   100  fmul.o(.text)
    __aeabi_fdiv                             0x08000239   Thumb Code   124  fdiv.o(.text)
    __aeabi_dmul                             0x080002b5   Thumb Code   228  dmul.o(.text)
    __aeabi_i2f                              0x08000399   Thumb Code    18  fflti.o(.text)
    __aeabi_i2d                              0x080003ab   Thumb Code    34  dflti.o(.text)
    __aeabi_f2iz                             0x080003cd   Thumb Code    50  ffixi.o(.text)
    __aeabi_d2iz                             0x080003ff   Thumb Code    62  dfixi.o(.text)
    __aeabi_f2d                              0x0800043d   Thumb Code    38  f2d.o(.text)
    __aeabi_cdcmpeq                          0x08000465   Thumb Code     0  cdcmple.o(.text)
    __aeabi_cdcmple                          0x08000465   Thumb Code    48  cdcmple.o(.text)
    __aeabi_cdrcmple                         0x08000495   Thumb Code    48  cdrcmple.o(.text)
    __aeabi_cfcmpeq                          0x080004c5   Thumb Code     0  cfcmple.o(.text)
    __aeabi_cfcmple                          0x080004c5   Thumb Code    20  cfcmple.o(.text)
    __aeabi_cfrcmple                         0x080004d9   Thumb Code    20  cfrcmple.o(.text)
    __aeabi_llsr                             0x080004ed   Thumb Code    32  llushr.o(.text)
    _ll_ushift_r                             0x080004ed   Thumb Code     0  llushr.o(.text)
    __I$use$fp                               0x0800050d   Thumb Code     0  iusefp.o(.text)
    _float_round                             0x0800050d   Thumb Code    18  fepilogue.o(.text)
    _float_epilogue                          0x0800051f   Thumb Code    92  fepilogue.o(.text)
    _double_round                            0x0800057b   Thumb Code    30  depilogue.o(.text)
    _double_epilogue                         0x08000599   Thumb Code   156  depilogue.o(.text)
    __scatterload                            0x08000635   Thumb Code    28  init.o(.text)
    __scatterload_rt2                        0x08000635   Thumb Code     0  init.o(.text)
    __aeabi_llsl                             0x08000659   Thumb Code    30  llshl.o(.text)
    _ll_shift_l                              0x08000659   Thumb Code     0  llshl.o(.text)
    All_Init                                 0x08000679   Thumb Code   106  main.o(i.All_Init)
    BusFault_Handler                         0x080006e9   Thumb Code     4  stm32f10x_it.o(i.BusFault_Handler)
    CAN1_Mode_Init                           0x080006ed   Thumb Code   238  can.o(i.CAN1_Mode_Init)
    CAN_CMD_CHASSIS                          0x080007e5   Thumb Code   112  can_receive.o(i.CAN_CMD_CHASSIS)
    CAN_ClearITPendingBit                    0x08000859   Thumb Code   162  stm32f10x_can.o(i.CAN_ClearITPendingBit)
    CAN_FilterInit                           0x08000901   Thumb Code   258  stm32f10x_can.o(i.CAN_FilterInit)
    CAN_GetITStatus                          0x08000a09   Thumb Code   284  stm32f10x_can.o(i.CAN_GetITStatus)
    CAN_ITConfig                             0x08000b29   Thumb Code    18  stm32f10x_can.o(i.CAN_ITConfig)
    CAN_Init                                 0x08000b3b   Thumb Code   276  stm32f10x_can.o(i.CAN_Init)
    CAN_Receive                              0x08000c4f   Thumb Code   240  stm32f10x_can.o(i.CAN_Receive)
    CAN_Receive_Msg                          0x08000d41   Thumb Code    42  can_receive.o(i.CAN_Receive_Msg)
    CAN_Transmit                             0x08000d75   Thumb Code   294  stm32f10x_can.o(i.CAN_Transmit)
    CAN_TransmitStatus                       0x08000e9d   Thumb Code   138  stm32f10x_can.o(i.CAN_TransmitStatus)
    DebugMon_Handler                         0x08000feb   Thumb Code     2  stm32f10x_it.o(i.DebugMon_Handler)
    GPIO_Init                                0x08000fed   Thumb Code   278  stm32f10x_gpio.o(i.GPIO_Init)
    GPIO_SetBits                             0x08001103   Thumb Code     4  stm32f10x_gpio.o(i.GPIO_SetBits)
    HardFault_Handler                        0x08001107   Thumb Code     4  stm32f10x_it.o(i.HardFault_Handler)
    IIC_Start                                0x0800110d   Thumb Code    46  oled.o(i.IIC_Start)
    IIC_Stop                                 0x08001145   Thumb Code    48  oled.o(i.IIC_Stop)
    LED_Init                                 0x0800117d   Thumb Code    50  led.o(i.LED_Init)
    MemManage_Handler                        0x080011b5   Thumb Code     4  stm32f10x_it.o(i.MemManage_Handler)
    Motor_error_equalize                     0x080011b9   Thumb Code   174  control.o(i.Motor_error_equalize)
    NMI_Handler                              0x08001281   Thumb Code     2  stm32f10x_it.o(i.NMI_Handler)
    NVIC_Init                                0x08001285   Thumb Code   100  misc.o(i.NVIC_Init)
    NVIC_PriorityGroupConfig                 0x080012f5   Thumb Code    10  misc.o(i.NVIC_PriorityGroupConfig)
    OLED_Fill                                0x08001309   Thumb Code    58  oled.o(i.OLED_Fill)
    OLED_GPIO_Init                           0x08001345   Thumb Code    46  oled.o(i.OLED_GPIO_Init)
    OLED_Init                                0x08001379   Thumb Code   196  oled.o(i.OLED_Init)
    OLED_Set_Pos                             0x0800143d   Thumb Code    40  oled.o(i.OLED_Set_Pos)
    OLED_WrCmd                               0x08001465   Thumb Code    32  oled.o(i.OLED_WrCmd)
    OLED_WrDat                               0x08001485   Thumb Code    32  oled.o(i.OLED_WrDat)
    PID_Calc                                 0x080014a5   Thumb Code   458  pid.o(i.PID_Calc)
    PID_IncrementMode                        0x0800167d   Thumb Code   204  control.o(i.PID_IncrementMode)
    PID_Init                                 0x08001749   Thumb Code    54  pid.o(i.PID_Init)
    PID_Move_Clear                           0x0800177f   Thumb Code    36  control.o(i.PID_Move_Clear)
    PID_clear                                0x080017a3   Thumb Code    36  pid.o(i.PID_clear)
    PS2_AnologData                           0x080017c9   Thumb Code     8  ps2.o(i.PS2_AnologData)
    PS2_ClearData                            0x080017d5   Thumb Code    20  ps2.o(i.PS2_ClearData)
    PS2_Cmd                                  0x080017ed   Thumb Code   130  ps2.o(i.PS2_Cmd)
    PS2_DataKey                              0x0800187d   Thumb Code    70  ps2.o(i.PS2_DataKey)
    PS2_EnterConfing                         0x080018d1   Thumb Code    84  ps2.o(i.PS2_EnterConfing)
    PS2_ExitConfing                          0x0800192d   Thumb Code    84  ps2.o(i.PS2_ExitConfing)
    PS2_Init                                 0x08001989   Thumb Code    60  ps2.o(i.PS2_Init)
    PS2_ReadData                             0x080019c9   Thumb Code   164  ps2.o(i.PS2_ReadData)
    PS2_SetInit                              0x08001a7d   Thumb Code    32  ps2.o(i.PS2_SetInit)
    PS2_ShortPoll                            0x08001a9d   Thumb Code    60  ps2.o(i.PS2_ShortPoll)
    PS2_TurnOnAnalogMode                     0x08001ae1   Thumb Code    78  ps2.o(i.PS2_TurnOnAnalogMode)
    PS2_Vibration                            0x08001b39   Thumb Code    88  ps2.o(i.PS2_Vibration)
    PS2_VibrationMode                        0x08001b99   Thumb Code    60  ps2.o(i.PS2_VibrationMode)
    PendSV_Handler                           0x08001bdd   Thumb Code     2  stm32f10x_it.o(i.PendSV_Handler)
    RCC_APB1PeriphClockCmd                   0x08001be1   Thumb Code    26  stm32f10x_rcc.o(i.RCC_APB1PeriphClockCmd)
    RCC_APB2PeriphClockCmd                   0x08001c01   Thumb Code    26  stm32f10x_rcc.o(i.RCC_APB2PeriphClockCmd)
    RCC_GetClocksFreq                        0x08001c21   Thumb Code   192  stm32f10x_rcc.o(i.RCC_GetClocksFreq)
    SVC_Handler                              0x08001cf5   Thumb Code     2  stm32f10x_it.o(i.SVC_Handler)
    SysTick_CLKSourceConfig                  0x08001de1   Thumb Code    40  misc.o(i.SysTick_CLKSourceConfig)
    SysTick_Handler                          0x08001e09   Thumb Code     2  stm32f10x_it.o(i.SysTick_Handler)
    SysTick_Init                             0x08001e0d   Thumb Code    52  systick.o(i.SysTick_Init)
    SystemInit                               0x08001e49   Thumb Code    78  system_stm32f10x.o(i.SystemInit)
    TIM2_IRQHandler                          0x08001ea9   Thumb Code   168  time.o(i.TIM2_IRQHandler)
    TIM2_Init                                0x08001f61   Thumb Code    92  time.o(i.TIM2_Init)
    TIM3_IRQHandler                          0x08001fbd   Thumb Code   184  time.o(i.TIM3_IRQHandler)
    TIM3_Init                                0x0800208d   Thumb Code    90  time.o(i.TIM3_Init)
    TIM_ClearITPendingBit                    0x080020ed   Thumb Code     6  stm32f10x_tim.o(i.TIM_ClearITPendingBit)
    TIM_Cmd                                  0x080020f3   Thumb Code    24  stm32f10x_tim.o(i.TIM_Cmd)
    TIM_GetITStatus                          0x0800210b   Thumb Code    34  stm32f10x_tim.o(i.TIM_GetITStatus)
    TIM_ITConfig                             0x0800212d   Thumb Code    18  stm32f10x_tim.o(i.TIM_ITConfig)
    TIM_TimeBaseInit                         0x08002141   Thumb Code   122  stm32f10x_tim.o(i.TIM_TimeBaseInit)
    USART1_IRQHandler                        0x080021e5   Thumb Code   172  usart.o(i.USART1_IRQHandler)
    USART1_Init                              0x080022a1   Thumb Code   166  usart.o(i.USART1_Init)
    USART2_Init                              0x08002351   Thumb Code   154  usart.o(i.USART2_Init)
    USART_ClearFlag                          0x080023f5   Thumb Code    18  stm32f10x_usart.o(i.USART_ClearFlag)
    USART_ClearITPendingBit                  0x08002407   Thumb Code    30  stm32f10x_usart.o(i.USART_ClearITPendingBit)
    USART_Cmd                                0x08002425   Thumb Code    24  stm32f10x_usart.o(i.USART_Cmd)
    USART_GetITStatus                        0x0800243d   Thumb Code    84  stm32f10x_usart.o(i.USART_GetITStatus)
    USART_ITConfig                           0x08002491   Thumb Code    74  stm32f10x_usart.o(i.USART_ITConfig)
    USART_Init                               0x080024dd   Thumb Code   210  stm32f10x_usart.o(i.USART_Init)
    USART_ReceiveData                        0x080025b5   Thumb Code    10  stm32f10x_usart.o(i.USART_ReceiveData)
    USART_SendData                           0x080025bf   Thumb Code     8  stm32f10x_usart.o(i.USART_SendData)
    UsageFault_Handler                       0x080025c7   Thumb Code     4  stm32f10x_it.o(i.UsageFault_Handler)
    Write_IIC_Byte                           0x080025cd   Thumb Code    94  oled.o(i.Write_IIC_Byte)
    __scatterload_copy                       0x08002635   Thumb Code    14  handlers.o(i.__scatterload_copy)
    __scatterload_null                       0x08002643   Thumb Code     2  handlers.o(i.__scatterload_null)
    __scatterload_zeroinit                   0x08002645   Thumb Code    14  handlers.o(i.__scatterload_zeroinit)
    chassis_control_loop                     0x08002655   Thumb Code   508  control.o(i.chassis_control_loop)
    chassis_feedback_update                  0x08002865   Thumb Code    76  control.o(i.chassis_feedback_update)
    chassis_init                             0x080028b1   Thumb Code    96  control.o(i.chassis_init)
    delay_ms                                 0x08002921   Thumb Code    72  systick.o(i.delay_ms)
    delay_us                                 0x0800296d   Thumb Code    72  systick.o(i.delay_us)
    get_Chassis_Motor_Measure_Point          0x080029b9   Thumb Code    18  can_receive.o(i.get_Chassis_Motor_Measure_Point)
    main                                     0x080029d1   Thumb Code   460  main.o(i.main)
    Region$$Table$$Base                      0x08002bc8   Number         0  anon$$obj.o(Region$$Table)
    Region$$Table$$Limit                     0x08002be8   Number         0  anon$$obj.o(Region$$Table)
    can_sign                                 0x20000000   Data           1  main.o(.data)
    speed_set_buff                           0x20000002   Data           5  usart.o(.data)
    flag                                     0x20000010   Data           2  control.o(.data)
    spdTag                                   0x20000014   Data           4  control.o(.data)
    spdNow                                   0x20000018   Data           4  control.o(.data)
    control                                  0x2000001c   Data           4  control.o(.data)
    speed1                                   0x20000020   Data           4  control.o(.data)
    speed2                                   0x20000024   Data           4  control.o(.data)
    wheel_speed                              0x20000028   Data           4  control.o(.data)
    Handkey                                  0x2000002c   Data           2  ps2.o(.data)
    Comd                                     0x2000002e   Data           2  ps2.o(.data)
    MASK                                     0x20000030   Data          32  ps2.o(.data)
    chassis_move                             0x20000090   Data         184  control.o(.bss)
    PID_Control                              0x20000148   Data          32  control.o(.bss)
    Data                                     0x20000168   Data           9  ps2.o(.bss)
    __initial_sp                             0x20000578   Data           0  startup_stm32f10x_md.o(STACK)



==============================================================================

Memory Map of the image

  Image Entry point : 0x080000ed

  Load Region LR_IROM1 (Base: 0x08000000, Size: 0x00002c50, Max: 0x00010000, ABSOLUTE)

    Execution Region ER_IROM1 (Base: 0x08000000, Size: 0x00002be8, Max: 0x00010000, ABSOLUTE)

    Base Addr    Size         Type   Attr      Idx    E Section Name        Object

    0x08000000   0x000000ec   Data   RO          803    RESET               startup_stm32f10x_md.o
    0x080000ec   0x00000000   Code   RO         2344  * .ARM.Collect$$$$00000000  mc_w.l(entry.o)
    0x080000ec   0x00000004   Code   RO         2377    .ARM.Collect$$$$00000001  mc_w.l(entry2.o)
    0x080000f0   0x00000004   Code   RO         2380    .ARM.Collect$$$$00000004  mc_w.l(entry5.o)
    0x080000f4   0x00000000   Code   RO         2382    .ARM.Collect$$$$00000008  mc_w.l(entry7b.o)
    0x080000f4   0x00000000   Code   RO         2384    .ARM.Collect$$$$0000000A  mc_w.l(entry8b.o)
    0x080000f4   0x00000008   Code   RO         2385    .ARM.Collect$$$$0000000B  mc_w.l(entry9a.o)
    0x080000fc   0x00000000   Code   RO         2387    .ARM.Collect$$$$0000000D  mc_w.l(entry10a.o)
    0x080000fc   0x00000000   Code   RO         2389    .ARM.Collect$$$$0000000F  mc_w.l(entry11a.o)
    0x080000fc   0x00000004   Code   RO         2378    .ARM.Collect$$$$00002712  mc_w.l(entry2.o)
    0x08000100   0x00000024   Code   RO          804    .text               startup_stm32f10x_md.o
    0x08000124   0x000000b0   Code   RO         2347    .text               mf_w.l(fadd.o)
    0x080001d4   0x00000064   Code   RO         2349    .text               mf_w.l(fmul.o)
    0x08000238   0x0000007c   Code   RO         2351    .text               mf_w.l(fdiv.o)
    0x080002b4   0x000000e4   Code   RO         2353    .text               mf_w.l(dmul.o)
    0x08000398   0x00000012   Code   RO         2355    .text               mf_w.l(fflti.o)
    0x080003aa   0x00000022   Code   RO         2359    .text               mf_w.l(dflti.o)
    0x080003cc   0x00000032   Code   RO         2361    .text               mf_w.l(ffixi.o)
    0x080003fe   0x0000003e   Code   RO         2365    .text               mf_w.l(dfixi.o)
    0x0800043c   0x00000026   Code   RO         2367    .text               mf_w.l(f2d.o)
    0x08000462   0x00000002   PAD
    0x08000464   0x00000030   Code   RO         2369    .text               mf_w.l(cdcmple.o)
    0x08000494   0x00000030   Code   RO         2371    .text               mf_w.l(cdrcmple.o)
    0x080004c4   0x00000014   Code   RO         2373    .text               mf_w.l(cfcmple.o)
    0x080004d8   0x00000014   Code   RO         2375    .text               mf_w.l(cfrcmple.o)
    0x080004ec   0x00000020   Code   RO         2391    .text               mc_w.l(llushr.o)
    0x0800050c   0x00000000   Code   RO         2393    .text               mc_w.l(iusefp.o)
    0x0800050c   0x0000006e   Code   RO         2394    .text               mf_w.l(fepilogue.o)
    0x0800057a   0x000000ba   Code   RO         2396    .text               mf_w.l(depilogue.o)
    0x08000634   0x00000024   Code   RO         2398    .text               mc_w.l(init.o)
    0x08000658   0x0000001e   Code   RO         2400    .text               mc_w.l(llshl.o)
    0x08000676   0x00000002   PAD
    0x08000678   0x00000070   Code   RO            1    i.All_Init          main.o
    0x080006e8   0x00000004   Code   RO          155    i.BusFault_Handler  stm32f10x_it.o
    0x080006ec   0x000000f8   Code   RO          507    i.CAN1_Mode_Init    can.o
    0x080007e4   0x00000074   Code   RO          240    i.CAN_CMD_CHASSIS   can_receive.o
    0x08000858   0x000000a8   Code   RO         1943    i.CAN_ClearITPendingBit  stm32f10x_can.o
    0x08000900   0x00000108   Code   RO         1947    i.CAN_FilterInit    stm32f10x_can.o
    0x08000a08   0x00000120   Code   RO         1949    i.CAN_GetITStatus   stm32f10x_can.o
    0x08000b28   0x00000012   Code   RO         1953    i.CAN_ITConfig      stm32f10x_can.o
    0x08000b3a   0x00000114   Code   RO         1954    i.CAN_Init          stm32f10x_can.o
    0x08000c4e   0x000000f0   Code   RO         1957    i.CAN_Receive       stm32f10x_can.o
    0x08000d3e   0x00000002   PAD
    0x08000d40   0x00000034   Code   RO          241    i.CAN_Receive_Msg   can_receive.o
    0x08000d74   0x00000126   Code   RO         1962    i.CAN_Transmit      stm32f10x_can.o
    0x08000e9a   0x00000002   PAD
    0x08000e9c   0x000000a0   Code   RO         1963    i.CAN_TransmitStatus  stm32f10x_can.o
    0x08000f3c   0x0000009c   Code   RO          242    i.CAN_hook          can_receive.o
    0x08000fd8   0x00000012   Code   RO         1965    i.CheckITStatus     stm32f10x_can.o
    0x08000fea   0x00000002   Code   RO          156    i.DebugMon_Handler  stm32f10x_it.o
    0x08000fec   0x00000116   Code   RO          815    i.GPIO_Init         stm32f10x_gpio.o
    0x08001102   0x00000004   Code   RO          823    i.GPIO_SetBits      stm32f10x_gpio.o
    0x08001106   0x00000004   Code   RO          157    i.HardFault_Handler  stm32f10x_it.o
    0x0800110a   0x00000002   PAD
    0x0800110c   0x00000038   Code   RO          537    i.IIC_Start         oled.o
    0x08001144   0x00000038   Code   RO          538    i.IIC_Stop          oled.o
    0x0800117c   0x00000038   Code   RO          522    i.LED_Init          led.o
    0x080011b4   0x00000004   Code   RO          158    i.MemManage_Handler  stm32f10x_it.o
    0x080011b8   0x000000c8   Code   RO          457    i.Motor_error_equalize  control.o
    0x08001280   0x00000002   Code   RO          159    i.NMI_Handler       stm32f10x_it.o
    0x08001282   0x00000002   PAD
    0x08001284   0x00000070   Code   RO         1123    i.NVIC_Init         misc.o
    0x080012f4   0x00000014   Code   RO         1124    i.NVIC_PriorityGroupConfig  misc.o
    0x08001308   0x0000003a   Code   RO          540    i.OLED_Fill         oled.o
    0x08001342   0x00000002   PAD
    0x08001344   0x00000034   Code   RO          541    i.OLED_GPIO_Init    oled.o
    0x08001378   0x000000c4   Code   RO          542    i.OLED_Init         oled.o
    0x0800143c   0x00000028   Code   RO          547    i.OLED_Set_Pos      oled.o
    0x08001464   0x00000020   Code   RO          551    i.OLED_WrCmd        oled.o
    0x08001484   0x00000020   Code   RO          552    i.OLED_WrDat        oled.o
    0x080014a4   0x000001d8   Code   RO          340    i.PID_Calc          pid.o
    0x0800167c   0x000000cc   Code   RO          458    i.PID_IncrementMode  control.o
    0x08001748   0x00000036   Code   RO          341    i.PID_Init          pid.o
    0x0800177e   0x00000024   Code   RO          459    i.PID_Move_Clear    control.o
    0x080017a2   0x00000024   Code   RO          342    i.PID_clear         pid.o
    0x080017c6   0x00000002   PAD
    0x080017c8   0x0000000c   Code   RO          666    i.PS2_AnologData    ps2.o
    0x080017d4   0x00000018   Code   RO          667    i.PS2_ClearData     ps2.o
    0x080017ec   0x00000090   Code   RO          668    i.PS2_Cmd           ps2.o
    0x0800187c   0x00000054   Code   RO          669    i.PS2_DataKey       ps2.o
    0x080018d0   0x0000005c   Code   RO          670    i.PS2_EnterConfing  ps2.o
    0x0800192c   0x0000005c   Code   RO          671    i.PS2_ExitConfing   ps2.o
    0x08001988   0x00000040   Code   RO          672    i.PS2_Init          ps2.o
    0x080019c8   0x000000b4   Code   RO          673    i.PS2_ReadData      ps2.o
    0x08001a7c   0x00000020   Code   RO          675    i.PS2_SetInit       ps2.o
    0x08001a9c   0x00000044   Code   RO          676    i.PS2_ShortPoll     ps2.o
    0x08001ae0   0x00000058   Code   RO          677    i.PS2_TurnOnAnalogMode  ps2.o
    0x08001b38   0x00000060   Code   RO          678    i.PS2_Vibration     ps2.o
    0x08001b98   0x00000044   Code   RO          679    i.PS2_VibrationMode  ps2.o
    0x08001bdc   0x00000002   Code   RO          160    i.PendSV_Handler    stm32f10x_it.o
    0x08001bde   0x00000002   PAD
    0x08001be0   0x00000020   Code   RO          925    i.RCC_APB1PeriphClockCmd  stm32f10x_rcc.o
    0x08001c00   0x00000020   Code   RO          927    i.RCC_APB2PeriphClockCmd  stm32f10x_rcc.o
    0x08001c20   0x000000d4   Code   RO          935    i.RCC_GetClocksFreq  stm32f10x_rcc.o
    0x08001cf4   0x00000002   Code   RO          161    i.SVC_Handler       stm32f10x_it.o
    0x08001cf6   0x00000008   Code   RO         2300    i.SetSysClock       system_stm32f10x.o
    0x08001cfe   0x00000002   PAD
    0x08001d00   0x000000e0   Code   RO         2301    i.SetSysClockTo72   system_stm32f10x.o
    0x08001de0   0x00000028   Code   RO         1127    i.SysTick_CLKSourceConfig  misc.o
    0x08001e08   0x00000002   Code   RO          162    i.SysTick_Handler   stm32f10x_it.o
    0x08001e0a   0x00000002   PAD
    0x08001e0c   0x0000003c   Code   RO          772    i.SysTick_Init      systick.o
    0x08001e48   0x00000060   Code   RO         2303    i.SystemInit        system_stm32f10x.o
    0x08001ea8   0x000000b8   Code   RO          367    i.TIM2_IRQHandler   time.o
    0x08001f60   0x0000005c   Code   RO          368    i.TIM2_Init         time.o
    0x08001fbc   0x000000d0   Code   RO          369    i.TIM3_IRQHandler   time.o
    0x0800208c   0x00000060   Code   RO          370    i.TIM3_Init         time.o
    0x080020ec   0x00000006   Code   RO         1224    i.TIM_ClearITPendingBit  stm32f10x_tim.o
    0x080020f2   0x00000018   Code   RO         1229    i.TIM_Cmd           stm32f10x_tim.o
    0x0800210a   0x00000022   Code   RO         1250    i.TIM_GetITStatus   stm32f10x_tim.o
    0x0800212c   0x00000012   Code   RO         1254    i.TIM_ITConfig      stm32f10x_tim.o
    0x0800213e   0x00000002   PAD
    0x08002140   0x000000a4   Code   RO         1300    i.TIM_TimeBaseInit  stm32f10x_tim.o
    0x080021e4   0x000000bc   Code   RO          418    i.USART1_IRQHandler  usart.o
    0x080022a0   0x000000b0   Code   RO          419    i.USART1_Init       usart.o
    0x08002350   0x000000a4   Code   RO          420    i.USART2_Init       usart.o
    0x080023f4   0x00000012   Code   RO         1761    i.USART_ClearFlag   stm32f10x_usart.o
    0x08002406   0x0000001e   Code   RO         1762    i.USART_ClearITPendingBit  stm32f10x_usart.o
    0x08002424   0x00000018   Code   RO         1765    i.USART_Cmd         stm32f10x_usart.o
    0x0800243c   0x00000054   Code   RO         1769    i.USART_GetITStatus  stm32f10x_usart.o
    0x08002490   0x0000004a   Code   RO         1771    i.USART_ITConfig    stm32f10x_usart.o
    0x080024da   0x00000002   PAD
    0x080024dc   0x000000d8   Code   RO         1772    i.USART_Init        stm32f10x_usart.o
    0x080025b4   0x0000000a   Code   RO         1779    i.USART_ReceiveData  stm32f10x_usart.o
    0x080025be   0x00000008   Code   RO         1782    i.USART_SendData    stm32f10x_usart.o
    0x080025c6   0x00000004   Code   RO          163    i.UsageFault_Handler  stm32f10x_it.o
    0x080025ca   0x00000002   PAD
    0x080025cc   0x00000068   Code   RO          555    i.Write_IIC_Byte    oled.o
    0x08002634   0x0000000e   Code   RO         2404    i.__scatterload_copy  mc_w.l(handlers.o)
    0x08002642   0x00000002   Code   RO         2405    i.__scatterload_null  mc_w.l(handlers.o)
    0x08002644   0x0000000e   Code   RO         2406    i.__scatterload_zeroinit  mc_w.l(handlers.o)
    0x08002652   0x00000002   PAD
    0x08002654   0x00000210   Code   RO          460    i.chassis_control_loop  control.o
    0x08002864   0x0000004c   Code   RO          461    i.chassis_feedback_update  control.o
    0x080028b0   0x00000070   Code   RO          462    i.chassis_init      control.o
    0x08002920   0x0000004c   Code   RO          773    i.delay_ms          systick.o
    0x0800296c   0x0000004c   Code   RO          774    i.delay_us          systick.o
    0x080029b8   0x00000018   Code   RO          243    i.get_Chassis_Motor_Measure_Point  can_receive.o
    0x080029d0   0x000001e0   Code   RO            2    i.main              main.o
    0x08002bb0   0x00000018   Data   RO          464    .constdata          control.o
    0x08002bc8   0x00000020   Data   RO         2402    Region$$Table       anon$$obj.o


    Execution Region RW_IRAM1 (Base: 0x20000000, Size: 0x00000578, Max: 0x00005000, ABSOLUTE)

    Base Addr    Size         Type   Attr      Idx    E Section Name        Object

    0x20000000   0x00000001   Data   RW            3    .data               main.o
    0x20000001   0x00000001   Data   RW          245    .data               can_receive.o
    0x20000002   0x0000000d   Data   RW          422    .data               usart.o
    0x2000000f   0x00000001   PAD
    0x20000010   0x0000001c   Data   RW          465    .data               control.o
    0x2000002c   0x00000024   Data   RW          681    .data               ps2.o
    0x20000050   0x00000004   Data   RW          775    .data               systick.o
    0x20000054   0x00000014   Data   RW          955    .data               stm32f10x_rcc.o
    0x20000068   0x00000028   Zero   RW          244    .bss                can_receive.o
    0x20000090   0x000000d8   Zero   RW          463    .bss                control.o
    0x20000168   0x00000009   Zero   RW          680    .bss                ps2.o
    0x20000171   0x00000007   PAD
    0x20000178   0x00000400   Zero   RW          801    STACK               startup_stm32f10x_md.o


==============================================================================

Image component sizes


      Code (inc. data)   RO Data    RW Data    ZI Data      Debug   Object Name

       248         10          0          0          0        917   can.o
       348         28          0          1         40     213954   can_receive.o
      1156         62         24         28        216       5484   control.o
        56          6          0          0          0        435   led.o
       592         26          0          1          0     262541   main.o
       172         22          0          0          0       2033   misc.o
       626         34          0          0          0       4390   oled.o
       562         14          0          0          0       2678   pid.o
      1044        106          0         36          9       6642   ps2.o
        36          8        236          0       1024        796   startup_stm32f10x_md.o
      1726         38          0          0          0       6987   stm32f10x_can.o
       282          0          0          0          0       2475   stm32f10x_gpio.o
        26          0          0          0          0       3370   stm32f10x_it.o
       276         32          0         20          0       4386   stm32f10x_rcc.o
       246         42          0          0          0       3506   stm32f10x_tim.o
       464          6          0          0          0       6635   stm32f10x_usart.o
       328         28          0          0          0       1745   system_stm32f10x.o
       212         16          0          4          0       1525   systick.o
       580         46          0          0          0       2056   time.o
       528         36          0         13          0       2453   usart.o

    ----------------------------------------------------------------------
      9532        560        292        104       1296     535008   Object Totals
         0          0         32          0          0          0   (incl. Generated)
        24          0          0          1          7          0   (incl. Padding)

    ----------------------------------------------------------------------

      Code (inc. data)   RO Data    RW Data    ZI Data      Debug   Library Member Name

         0          0          0          0          0          0   entry.o
         0          0          0          0          0          0   entry10a.o
         0          0          0          0          0          0   entry11a.o
         8          4          0          0          0          0   entry2.o
         4          0          0          0          0          0   entry5.o
         0          0          0          0          0          0   entry7b.o
         0          0          0          0          0          0   entry8b.o
         8          4          0          0          0          0   entry9a.o
        30          0          0          0          0          0   handlers.o
        36          8          0          0          0         68   init.o
         0          0          0          0          0          0   iusefp.o
        30          0          0          0          0         68   llshl.o
        32          0          0          0          0         68   llushr.o
        48          0          0          0          0         68   cdcmple.o
        48          0          0          0          0         68   cdrcmple.o
        20          0          0          0          0         68   cfcmple.o
        20          0          0          0          0         68   cfrcmple.o
       186          0          0          0          0        176   depilogue.o
        62          0          0          0          0         80   dfixi.o
        34          0          0          0          0         76   dflti.o
       228          0          0          0          0         96   dmul.o
        38          0          0          0          0         68   f2d.o
       176          0          0          0          0        140   fadd.o
       124          0          0          0          0         88   fdiv.o
       110          0          0          0          0        168   fepilogue.o
        50          0          0          0          0         68   ffixi.o
        18          0          0          0          0         68   fflti.o
       100          0          0          0          0         76   fmul.o

    ----------------------------------------------------------------------
      1416         16          0          0          0       1580   Library Totals
         6          0          0          0          0          0   (incl. Padding)

    ----------------------------------------------------------------------

      Code (inc. data)   RO Data    RW Data    ZI Data      Debug   Library Name

       148         16          0          0          0        204   mc_w.l
      1262          0          0          0          0       1376   mf_w.l

    ----------------------------------------------------------------------
      1416         16          0          0          0       1580   Library Totals

    ----------------------------------------------------------------------

==============================================================================


      Code (inc. data)   RO Data    RW Data    ZI Data      Debug   

     10948        576        292        104       1296     531384   Grand Totals
     10948        576        292        104       1296     531384   ELF Image Totals
     10948        576        292        104          0          0   ROM Totals

==============================================================================

    Total RO  Size (Code + RO Data)                11240 (  10.98kB)
    Total RW  Size (RW Data + ZI Data)              1400 (   1.37kB)
    Total ROM Size (Code + RO Data + RW Data)      11344 (  11.08kB)

==============================================================================

